Component: ARM Compiler 5.06 update 7 (build 960) Tool: armlink [4d3601]

==============================================================================

Section Cross References

    startup_stm32f407xx.o(STACK) refers (Special) to heapauxi.o(.text) for __use_two_region_memory
    startup_stm32f407xx.o(HEAP) refers (Special) to heapauxi.o(.text) for __use_two_region_memory
    startup_stm32f407xx.o(RESET) refers (Special) to heapauxi.o(.text) for __use_two_region_memory
    startup_stm32f407xx.o(RESET) refers to startup_stm32f407xx.o(STACK) for __initial_sp
    startup_stm32f407xx.o(RESET) refers to startup_stm32f407xx.o(.text) for Reset_Handler
    startup_stm32f407xx.o(RESET) refers to stm32f4xx_it.o(i.NMI_Handler) for NMI_Handler
    startup_stm32f407xx.o(RESET) refers to stm32f4xx_it.o(i.HardFault_Handler) for HardFault_Handler
    startup_stm32f407xx.o(RESET) refers to stm32f4xx_it.o(i.MemManage_Handler) for MemManage_Handler
    startup_stm32f407xx.o(RESET) refers to stm32f4xx_it.o(i.BusFault_Handler) for BusFault_Handler
    startup_stm32f407xx.o(RESET) refers to stm32f4xx_it.o(i.UsageFault_Handler) for UsageFault_Handler
    startup_stm32f407xx.o(RESET) refers to port.o(.emb_text) for SVC_Handler
    startup_stm32f407xx.o(RESET) refers to stm32f4xx_it.o(i.DebugMon_Handler) for DebugMon_Handler
    startup_stm32f407xx.o(RESET) refers to port.o(i.SysTick_Handler) for SysTick_Handler
    startup_stm32f407xx.o(RESET) refers to stm32f4xx_it.o(i.DMA1_Stream2_IRQHandler) for DMA1_Stream2_IRQHandler
    startup_stm32f407xx.o(RESET) refers to stm32f4xx_it.o(i.DMA1_Stream4_IRQHandler) for DMA1_Stream4_IRQHandler
    startup_stm32f407xx.o(RESET) refers to stm32f4xx_it.o(i.USART1_IRQHandler) for USART1_IRQHandler
    startup_stm32f407xx.o(RESET) refers to stm32f4xx_it.o(i.UART4_IRQHandler) for UART4_IRQHandler
    startup_stm32f407xx.o(RESET) refers to stm32f4xx_it.o(i.TIM6_DAC_IRQHandler) for TIM6_DAC_IRQHandler
    startup_stm32f407xx.o(RESET) refers to stm32f4xx_it.o(i.DMA2_Stream0_IRQHandler) for DMA2_Stream0_IRQHandler
    startup_stm32f407xx.o(.text) refers (Special) to heapauxi.o(.text) for __use_two_region_memory
    startup_stm32f407xx.o(.text) refers to system_stm32f4xx.o(i.SystemInit) for SystemInit
    startup_stm32f407xx.o(.text) refers to __main.o(!!!main) for __main
    startup_stm32f407xx.o(.text) refers to startup_stm32f407xx.o(HEAP) for Heap_Mem
    startup_stm32f407xx.o(.text) refers to startup_stm32f407xx.o(STACK) for Stack_Mem
    main.o(i.HAL_TIM_PeriodElapsedCallback) refers to stm32f4xx_hal.o(i.HAL_IncTick) for HAL_IncTick
    main.o(i.SystemClock_Config) refers to rt_memclr_w.o(.text) for __aeabi_memclr4
    main.o(i.SystemClock_Config) refers to stm32f4xx_hal_rcc.o(i.HAL_RCC_OscConfig) for HAL_RCC_OscConfig
    main.o(i.SystemClock_Config) refers to stm32f4xx_hal_rcc.o(i.HAL_RCC_ClockConfig) for HAL_RCC_ClockConfig
    main.o(i.SystemClock_Config) refers to main.o(i.Error_Handler) for Error_Handler
    main.o(i.main) refers to stm32f4xx_hal.o(i.HAL_Init) for HAL_Init
    main.o(i.main) refers to main.o(i.SystemClock_Config) for SystemClock_Config
    main.o(i.main) refers to gpio.o(i.MX_GPIO_Init) for MX_GPIO_Init
    main.o(i.main) refers to dma.o(i.MX_DMA_Init) for MX_DMA_Init
    main.o(i.main) refers to i2c.o(i.MX_I2C1_Init) for MX_I2C1_Init
    main.o(i.main) refers to usart.o(i.MX_UART4_Init) for MX_UART4_Init
    main.o(i.main) refers to rtc.o(i.MX_RTC_Init) for MX_RTC_Init
    main.o(i.main) refers to adc.o(i.MX_ADC1_Init) for MX_ADC1_Init
    main.o(i.main) refers to bsp_inverter.o(i.BSP_Inverter_Init) for BSP_Inverter_Init
    main.o(i.main) refers to freertos.o(i.MX_FREERTOS_Init) for MX_FREERTOS_Init
    main.o(i.main) refers to cmsis_os.o(i.osKernelStart) for osKernelStart
    gpio.o(i.MX_GPIO_Init) refers to rt_memclr_w.o(.text) for __aeabi_memclr4
    gpio.o(i.MX_GPIO_Init) refers to stm32f4xx_hal_gpio.o(i.HAL_GPIO_WritePin) for HAL_GPIO_WritePin
    gpio.o(i.MX_GPIO_Init) refers to stm32f4xx_hal_gpio.o(i.HAL_GPIO_Init) for HAL_GPIO_Init
    freertos.o(i.MX_FREERTOS_Init) refers to cmsis_os.o(i.osMutexCreate) for osMutexCreate
    freertos.o(i.MX_FREERTOS_Init) refers to bsp_i2c_mutex.o(i.BSP_I2C1_MutexInit) for BSP_I2C1_MutexInit
    freertos.o(i.MX_FREERTOS_Init) refers to bsp_relay.o(i.BSP_Relay_Init) for BSP_Relay_Init
    freertos.o(i.MX_FREERTOS_Init) refers to sys_state.o(i.SysState_Init) for SysState_Init
    freertos.o(i.MX_FREERTOS_Init) refers to rt_memcpy_w.o(.text) for __aeabi_memcpy4
    freertos.o(i.MX_FREERTOS_Init) refers to cmsis_os.o(i.osThreadCreate) for osThreadCreate
    freertos.o(i.MX_FREERTOS_Init) refers to freertos.o(.data) for .data
    freertos.o(i.MX_FREERTOS_Init) refers to freertos.o(.constdata) for .constdata
    freertos.o(i.StartTask03) refers to task_panel.o(i.Task_Panel_Process) for Task_Panel_Process
    freertos.o(i.StartTask03) refers to cmsis_os.o(i.osDelay) for osDelay
[...]
    HAL_RTC_SetDate                          0x08004b51   Thumb Code   194  stm32f4xx_hal_rtc.o(i.HAL_RTC_SetDate)
    HAL_RTC_SetTime                          0x08004c19   Thumb Code   230  stm32f4xx_hal_rtc.o(i.HAL_RTC_SetTime)
    HAL_RTC_WaitForSynchro                   0x08004d05   Thumb Code    54  stm32f4xx_hal_rtc.o(i.HAL_RTC_WaitForSynchro)
    HAL_TIMEx_BreakCallback                  0x08004d3b   Thumb Code     2  stm32f4xx_hal_tim_ex.o(i.HAL_TIMEx_BreakCallback)
    HAL_TIMEx_CommutCallback                 0x08004d3d   Thumb Code     2  stm32f4xx_hal_tim_ex.o(i.HAL_TIMEx_CommutCallback)
    HAL_TIM_Base_Init                        0x08004d3f   Thumb Code    90  stm32f4xx_hal_tim.o(i.HAL_TIM_Base_Init)
    HAL_TIM_Base_MspInit                     0x08004d99   Thumb Code     2  stm32f4xx_hal_tim.o(i.HAL_TIM_Base_MspInit)
    HAL_TIM_Base_Start_IT                    0x08004d9d   Thumb Code   100  stm32f4xx_hal_tim.o(i.HAL_TIM_Base_Start_IT)
    HAL_TIM_IC_CaptureCallback               0x08004e1d   Thumb Code     2  stm32f4xx_hal_tim.o(i.HAL_TIM_IC_CaptureCallback)
    HAL_TIM_IRQHandler                       0x08004e1f   Thumb Code   358  stm32f4xx_hal_tim.o(i.HAL_TIM_IRQHandler)
    HAL_TIM_OC_DelayElapsedCallback          0x08004f85   Thumb Code     2  stm32f4xx_hal_tim.o(i.HAL_TIM_OC_DelayElapsedCallback)
    HAL_TIM_PWM_PulseFinishedCallback        0x08004f87   Thumb Code     2  stm32f4xx_hal_tim.o(i.HAL_TIM_PWM_PulseFinishedCallback)
    HAL_TIM_PeriodElapsedCallback            0x08004f89   Thumb Code    14  main.o(i.HAL_TIM_PeriodElapsedCallback)
    HAL_TIM_TriggerCallback                  0x08004f9d   Thumb Code     2  stm32f4xx_hal_tim.o(i.HAL_TIM_TriggerCallback)
    HAL_UARTEx_RxEventCallback               0x08004f9f   Thumb Code     2  stm32f4xx_hal_uart.o(i.HAL_UARTEx_RxEventCallback)
    HAL_UART_ErrorCallback                   0x08004fa1   Thumb Code     2  stm32f4xx_hal_uart.o(i.HAL_UART_ErrorCallback)
    HAL_UART_IRQHandler                      0x08004fa5   Thumb Code   610  stm32f4xx_hal_uart.o(i.HAL_UART_IRQHandler)
    HAL_UART_Init                            0x0800520d   Thumb Code    98  stm32f4xx_hal_uart.o(i.HAL_UART_Init)
    HAL_UART_MspInit                         0x08005271   Thumb Code   208  usart.o(i.HAL_UART_MspInit)
    HAL_UART_Receive                         0x08005355   Thumb Code   192  stm32f4xx_hal_uart.o(i.HAL_UART_Receive)
    HAL_UART_Receive_IT                      0x08005415   Thumb Code    42  stm32f4xx_hal_uart.o(i.HAL_UART_Receive_IT)
    HAL_UART_RxCpltCallback                  0x08005441   Thumb Code    66  bsp_inverter.o(i.HAL_UART_RxCpltCallback)
    HAL_UART_Transmit                        0x080054a1   Thumb Code   178  stm32f4xx_hal_uart.o(i.HAL_UART_Transmit)
    HAL_UART_TxCpltCallback                  0x08005553   Thumb Code     2  stm32f4xx_hal_uart.o(i.HAL_UART_TxCpltCallback)
    HTC2K_Init                               0x08005555   Thumb Code    80  bsp_htc_2k.o(i.HTC2K_Init)
    HTC2K_Init1                              0x080055ad   Thumb Code    80  bsp_htc_2k.o(i.HTC2K_Init1)
    HTC2K_ReadKeys                           0x08005605   Thumb Code   100  bsp_htc_2k.o(i.HTC2K_ReadKeys)
    HTC2K_ReadKeys1                          0x0800566d   Thumb Code   100  bsp_htc_2k.o(i.HTC2K_ReadKeys1)
    HTC2K_ShowTemp                           0x080056d5   Thumb Code   128  bsp_htc_2k.o(i.HTC2K_ShowTemp)
    HTC2K_ShowTemp1                          0x08005759   Thumb Code   128  bsp_htc_2k.o(i.HTC2K_ShowTemp1)
    HardFault_Handler                        0x080057dd   Thumb Code     2  stm32f4xx_it.o(i.HardFault_Handler)
    MX_ADC1_Init                             0x08005d35   Thumb Code   244  adc.o(i.MX_ADC1_Init)
    MX_DMA_Init                              0x08005e35   Thumb Code    88  dma.o(i.MX_DMA_Init)
    MX_FREERTOS_Init                         0x08005e91   Thumb Code   274  freertos.o(i.MX_FREERTOS_Init)
    MX_GPIO_Init                             0x08005fb1   Thumb Code   186  gpio.o(i.MX_GPIO_Init)
    MX_I2C1_Init                             0x08006079   Thumb Code    50  i2c.o(i.MX_I2C1_Init)
    MX_RTC_Init                              0x080060b9   Thumb Code   154  rtc.o(i.MX_RTC_Init)
    MX_UART4_Init                            0x0800615d   Thumb Code    48  usart.o(i.MX_UART4_Init)
    MemManage_Handler                        0x08006195   Thumb Code     2  stm32f4xx_it.o(i.MemManage_Handler)
    NMI_Handler                              0x08006197   Thumb Code     2  stm32f4xx_it.o(i.NMI_Handler)
    RTC_Bcd2ToByte                           0x08006465   Thumb Code    18  stm32f4xx_hal_rtc.o(i.RTC_Bcd2ToByte)
    RTC_ByteToBcd2                           0x08006477   Thumb Code    22  stm32f4xx_hal_rtc.o(i.RTC_ByteToBcd2)
    RTC_EnterInitMode                        0x0800648d   Thumb Code    58  stm32f4xx_hal_rtc.o(i.RTC_EnterInitMode)
    StartTask03                              0x0800655d   Thumb Code    12  freertos.o(i.StartTask03)
    StartTask_ADC                            0x08006569   Thumb Code    12  freertos.o(i.StartTask_ADC)
    StartTask_CondFan                        0x08006575   Thumb Code    12  freertos.o(i.StartTask_CondFan)
    StartTask_Defrost                        0x08006581   Thumb Code    12  freertos.o(i.StartTask_Defrost)
    StartTask_EXV                            0x0800658d   Thumb Code    12  freertos.o(i.StartTask_EXV)
    StartTask_EvapFan                        0x08006599   Thumb Code    12  freertos.o(i.StartTask_EvapFan)
    StartTask_LED                            0x080065a5   Thumb Code    12  freertos.o(i.StartTask_LED)
    StartTask_RS485                          0x080065b1   Thumb Code    12  freertos.o(i.StartTask_RS485)
    StartTask_SHT30                          0x080065bd   Thumb Code    12  freertos.o(i.StartTask_SHT30)
    StartTask_TempCtrl                       0x080065c9   Thumb Code    12  freertos.o(i.StartTask_TempCtrl)
    StartTask_TimerSvc                       0x080065d5   Thumb Code    12  freertos.o(i.StartTask_TimerSvc)
    SysState_GetRawPtr                       0x080065e1   Thumb Code     4  sys_state.o(i.SysState_GetRawPtr)
    SysState_GetSensor                       0x080065e9   Thumb Code    56  sys_state.o(i.SysState_GetSensor)
    SysState_Init                            0x08006629   Thumb Code    52  sys_state.o(i.SysState_Init)
    SysState_Lock                            0x08006665   Thumb Code    18  sys_state.o(i.SysState_Lock)
    SysState_Unlock                          0x0800667d   Thumb Code    20  sys_state.o(i.SysState_Unlock)
    SysTick_Handler                          0x08006695   Thumb Code    38  port.o(i.SysTick_Handler)
    SystemClock_Config                       0x080066c1   Thumb Code   138  main.o(i.SystemClock_Config)
    SystemInit                               0x08006755   Thumb Code    12  system_stm32f4xx.o(i.SystemInit)
    System_Record_Fault                      0x08006765   Thumb Code   140  task_rs485_log.o(i.System_Record_Fault)
    TIM6_DAC_IRQHandler                      0x080067f9   Thumb Code     6  stm32f4xx_it.o(i.TIM6_DAC_IRQHandler)
    TIM_Base_SetConfig                       0x08006805   Thumb Code   156  stm32f4xx_hal_tim.o(i.TIM_Base_SetConfig)
    Task_ADC_Process                         0x08006b11   Thumb Code   372  task_adc.o(i.Task_ADC_Process)
    Task_CondFan_Process                     0x08006c9d   Thumb Code    28  task_cond_fan.o(i.Task_CondFan_Process)
    Task_Defrost_Process                     0x08006cb9   Thumb Code    44  task_defrost.o(i.Task_Defrost_Process)
    Task_EXV_Process                         0x08006ced   Thumb Code   112  task_exv.o(i.Task_EXV_Process)
    Task_EvapFan_Process                     0x08006d5d   Thumb Code    40  task_evap_fan.o(i.Task_EvapFan_Process)
    Task_LED_Process                         0x08006d85   Thumb Code    44  task_led.o(i.Task_LED_Process)
    Task_Panel_Process                       0x08006db1   Thumb Code   626  task_panel.o(i.Task_Panel_Process)
    Task_RS485Log_Process                    0x08007099   Thumb Code  2168  task_rs485_log.o(i.Task_RS485Log_Process)
    Task_SHT30_Process                       0x080079ed   Thumb Code    94  task_sht30.o(i.Task_SHT30_Process)
    Task_TempCtrl_Process                    0x08007a4d   Thumb Code   102  task_temp_ctrl.o(i.Task_TempCtrl_Process)
    Task_TimerSvc_Process                    0x08007ac5   Thumb Code    66  task_timer_svc.o(i.Task_TimerSvc_Process)
    TempCtrl_AlarmProcess                    0x08007b0d   Thumb Code   280  task_temp_ctrl.o(i.TempCtrl_AlarmProcess)
    TempCtrl_CompressorStart                 0x08007c49   Thumb Code    62  task_temp_ctrl.o(i.TempCtrl_CompressorStart)
    TempCtrl_MainLogic                       0x08007c95   Thumb Code   420  task_temp_ctrl.o(i.TempCtrl_MainLogic)
    TempCtrl_OilHeatControl                  0x08007ef9   Thumb Code    56  task_temp_ctrl.o(i.TempCtrl_OilHeatControl)
    TimerSvc_TickProcess                     0x08007fdd   Thumb Code   384  task_timer_svc.o(i.TimerSvc_TickProcess)
    UART4_IRQHandler                         0x08008169   Thumb Code     6  stm32f4xx_it.o(i.UART4_IRQHandler)
    UART_Start_Receive_IT                    0x080083a1   Thumb Code    54  stm32f4xx_hal_uart.o(i.UART_Start_Receive_IT)
    USART1_IRQHandler                        0x08008451   Thumb Code     6  stm32f4xx_it.o(i.USART1_IRQHandler)
    UsageFault_Handler                       0x0800845d   Thumb Code     2  stm32f4xx_it.o(i.UsageFault_Handler)
    __ARM_fpclassify                         0x0800845f   Thumb Code    48  fpclassify.o(i.__ARM_fpclassify)
    __hardfp_log                             0x080084b1   Thumb Code   872  log.o(i.__hardfp_log)
    __kernel_poly                            0x08008875   Thumb Code   248  poly.o(i.__kernel_poly)
    __mathlib_dbl_divzero                    0x08008971   Thumb Code    28  dunder.o(i.__mathlib_dbl_divzero)
    __mathlib_dbl_infnan                     0x080089a1   Thumb Code    20  dunder.o(i.__mathlib_dbl_infnan)
    __mathlib_dbl_invalid                    0x080089b9   Thumb Code    24  dunder.o(i.__mathlib_dbl_invalid)
    _is_digit                                0x080089d9   Thumb Code    14  __printf_wp.o(i._is_digit)
    adc_to_temperature_10k                   0x08008a59   Thumb Code   180  task_adc.o(i.adc_to_temperature_10k)
    adc_to_temperature_50k                   0x08008b35   Thumb Code   180  task_adc.o(i.adc_to_temperature_50k)
    main                                     0x08008d0d   Thumb Code    46  main.o(i.main)
    osDelay                                  0x08008d47   Thumb Code    14  cmsis_os.o(i.osDelay)
    osKernelStart                            0x08008d55   Thumb Code    10  cmsis_os.o(i.osKernelStart)
    osMutexCreate                            0x08008d5f   Thumb Code    16  cmsis_os.o(i.osMutexCreate)
    osMutexRelease                           0x08008d71   Thumb Code    74  cmsis_os.o(i.osMutexRelease)
    osMutexWait                              0x08008dc1   Thumb Code    96  cmsis_os.o(i.osMutexWait)
    osThreadCreate                           0x08008e25   Thumb Code    84  cmsis_os.o(i.osThreadCreate)
    pvPortMalloc                             0x08009325   Thumb Code   216  heap_4.o(i.pvPortMalloc)
    pvTaskIncrementMutexHeldCount            0x08009401   Thumb Code    18  tasks.o(i.pvTaskIncrementMutexHeldCount)
    pxPortInitialiseStack                    0x08009419   Thumb Code    40  port.o(i.pxPortInitialiseStack)
    uxListRemove                             0x08009445   Thumb Code    38  list.o(i.uxListRemove)
    vApplicationGetIdleTaskMemory            0x0800946d   Thumb Code    16  freertos.o(i.vApplicationGetIdleTaskMemory)
    vApplicationStackOverflowHook            0x08009481   Thumb Code     2  freertos.o(i.vApplicationStackOverflowHook)
    vListInitialise                          0x08009483   Thumb Code    22  list.o(i.vListInitialise)
    vListInitialiseItem                      0x08009499   Thumb Code     6  list.o(i.vListInitialiseItem)
    vListInsert                              0x0800949f   Thumb Code    48  list.o(i.vListInsert)
    vListInsertEnd                           0x080094cf   Thumb Code    24  list.o(i.vListInsertEnd)
    vPortEnterCritical                       0x080094e9   Thumb Code    54  port.o(i.vPortEnterCritical)
    vPortExitCritical                        0x08009529   Thumb Code    34  port.o(i.vPortExitCritical)
    vPortFree                                0x08009551   Thumb Code    94  heap_4.o(i.vPortFree)
    vPortSetupTimerInterrupt                 0x080095b5   Thumb Code    32  port.o(i.vPortSetupTimerInterrupt)
    vPortValidateInterruptPriority           0x080095d9   Thumb Code    74  port.o(i.vPortValidateInterruptPriority)
    vTaskDelay                               0x0800962d   Thumb Code    66  tasks.o(i.vTaskDelay)
    vTaskDelayUntil                          0x08009679   Thumb Code   132  tasks.o(i.vTaskDelayUntil)
    vTaskInternalSetTimeOutState             0x08009705   Thumb Code    12  tasks.o(i.vTaskInternalSetTimeOutState)
    vTaskMissedYield                         0x08009715   Thumb Code     8  tasks.o(i.vTaskMissedYield)
    vTaskPlaceOnEventList                    0x08009721   Thumb Code    44  tasks.o(i.vTaskPlaceOnEventList)
    vTaskPriorityDisinheritAfterTimeout      0x08009751   Thumb Code   152  tasks.o(i.vTaskPriorityDisinheritAfterTimeout)
    vTaskRemoveFromUnorderedEventList        0x080097f1   Thumb Code   104  tasks.o(i.vTaskRemoveFromUnorderedEventList)
    vTaskStartScheduler                      0x08009861   Thumb Code    90  tasks.o(i.vTaskStartScheduler)
    vTaskSuspendAll                          0x080098cd   Thumb Code    10  tasks.o(i.vTaskSuspendAll)
    vTaskSwitchContext                       0x080098dd   Thumb Code   126  tasks.o(i.vTaskSwitchContext)
    xEventGroupClearBits                     0x08009965   Thumb Code    64  event_groups.o(i.xEventGroupClearBits)
    xEventGroupCreate                        0x080099a5   Thumb Code    28  event_groups.o(i.xEventGroupCreate)
    xEventGroupSetBits                       0x080099c1   Thumb Code   140  event_groups.o(i.xEventGroupSetBits)
    xPortStartScheduler                      0x08009a4d   Thumb Code   222  port.o(i.xPortStartScheduler)
    xQueueCreateMutex                        0x08009b41   Thumb Code    22  queue.o(i.xQueueCreateMutex)
    xQueueCreateMutexStatic                  0x08009b57   Thumb Code    26  queue.o(i.xQueueCreateMutexStatic)
    xQueueGenericCreate                      0x08009b71   Thumb Code    66  queue.o(i.xQueueGenericCreate)
    xQueueGenericCreateStatic                0x08009bb3   Thumb Code   102  queue.o(i.xQueueGenericCreateStatic)
    xQueueGenericReset                       0x08009c19   Thumb Code   132  queue.o(i.xQueueGenericReset)
    xQueueGenericSend                        0x08009ca1   Thumb Code   346  queue.o(i.xQueueGenericSend)
    xQueueGiveFromISR                        0x08009e01   Thumb Code   156  queue.o(i.xQueueGiveFromISR)
    xQueueReceiveFromISR                     0x08009e9d   Thumb Code   154  queue.o(i.xQueueReceiveFromISR)
    xQueueSemaphoreTake                      0x08009f39   Thumb Code   372  queue.o(i.xQueueSemaphoreTake)
    xTaskCheckForTimeOut                     0x0800a0b1   Thumb Code   112  tasks.o(i.xTaskCheckForTimeOut)
    xTaskCreate                              0x0800a125   Thumb Code    90  tasks.o(i.xTaskCreate)
    xTaskCreateStatic                        0x0800a17f   Thumb Code    86  tasks.o(i.xTaskCreateStatic)
    xTaskGetSchedulerState                   0x0800a1d5   Thumb Code    22  tasks.o(i.xTaskGetSchedulerState)
    xTaskGetTickCount                        0x0800a1f1   Thumb Code     6  tasks.o(i.xTaskGetTickCount)
    xTaskIncrementTick                       0x0800a1fd   Thumb Code   194  tasks.o(i.xTaskIncrementTick)
    xTaskPriorityDisinherit                  0x0800a2c9   Thumb Code   144  tasks.o(i.xTaskPriorityDisinherit)
    xTaskPriorityInherit                     0x0800a361   Thumb Code   130  tasks.o(i.xTaskPriorityInherit)
    xTaskRemoveFromEventList                 0x0800a3ed   Thumb Code   108  tasks.o(i.xTaskRemoveFromEventList)
    xTaskResumeAll                           0x0800a461   Thumb Code   182  tasks.o(i.xTaskResumeAll)
    _get_lc_numeric                          0x0800a525   Thumb Code    44  lc_numeric_c.o(locale$$code)
    _get_lc_ctype                            0x0800a551   Thumb Code    44  lc_ctype_c.o(locale$$code)
    __aeabi_dneg                             0x0800a57d   Thumb Code     0  basic.o(x$fpl$basic)
    _dneg                                    0x0800a57d   Thumb Code     6  basic.o(x$fpl$basic)
    __aeabi_fneg                             0x0800a583   Thumb Code     0  basic.o(x$fpl$basic)
    _fneg                                    0x0800a583   Thumb Code     6  basic.o(x$fpl$basic)
    _dabs                                    0x0800a589   Thumb Code     6  basic.o(x$fpl$basic)
    _fabs                                    0x0800a58f   Thumb Code     6  basic.o(x$fpl$basic)
    __aeabi_d2f                              0x0800a595   Thumb Code     0  d2f.o(x$fpl$d2f)
    _d2f                                     0x0800a595   Thumb Code    98  d2f.o(x$fpl$d2f)
    __aeabi_dadd                             0x0800a5f9   Thumb Code     0  daddsub_clz.o(x$fpl$dadd)
    _dadd                                    0x0800a5f9   Thumb Code   332  daddsub_clz.o(x$fpl$dadd)
    __fpl_dcmp_Inf                           0x0800a749   Thumb Code    24  dcmpi.o(x$fpl$dcmpinf)
    __aeabi_ddiv                             0x0800a761   Thumb Code     0  ddiv.o(x$fpl$ddiv)
    _ddiv                                    0x0800a761   Thumb Code   552  ddiv.o(x$fpl$ddiv)
    __aeabi_cdcmpeq                          0x0800aa11   Thumb Code     0  deqf.o(x$fpl$deqf)
    _dcmpeq                                  0x0800aa11   Thumb Code   120  deqf.o(x$fpl$deqf)
    __aeabi_i2d                              0x0800aa89   Thumb Code     0  dflt_clz.o(x$fpl$dflt)
    _dflt                                    0x0800aa89   Thumb Code    46  dflt_clz.o(x$fpl$dflt)
    __aeabi_dmul                             0x0800aab9   Thumb Code     0  dmul.o(x$fpl$dmul)
    _dmul                                    0x0800aab9   Thumb Code   332  dmul.o(x$fpl$dmul)
    __fpl_dnaninf                            0x0800ac0d   Thumb Code   156  dnaninf.o(x$fpl$dnaninf)
    __fpl_dretinf                            0x0800aca9   Thumb Code    12  dretinf.o(x$fpl$dretinf)
    __aeabi_drsub                            0x0800acb5   Thumb Code     0  daddsub_clz.o(x$fpl$drsb)
    _drsb                                    0x0800acb5   Thumb Code    22  daddsub_clz.o(x$fpl$drsb)
    __aeabi_dsub                             0x0800accd   Thumb Code     0  daddsub_clz.o(x$fpl$dsub)
    _dsub                                    0x0800accd   Thumb Code   464  daddsub_clz.o(x$fpl$dsub)
    __aeabi_f2d                              0x0800aea1   Thumb Code     0  f2d.o(x$fpl$f2d)
    _f2d                                     0x0800aea1   Thumb Code    86  f2d.o(x$fpl$f2d)
    __fpl_fnaninf                            0x0800aef7   Thumb Code   140  fnaninf.o(x$fpl$fnaninf)
    _fp_init                                 0x0800af83   Thumb Code    10  fpinit.o(x$fpl$fpinit)
    __fplib_config_fpu_vfp                   0x0800af8b   Thumb Code     0  fpinit.o(x$fpl$fpinit)
    __fplib_config_pureend_doubles           0x0800af8b   Thumb Code     0  fpinit.o(x$fpl$fpinit)
    __fpl_fretinf                            0x0800af8d   Thumb Code    10  fretinf.o(x$fpl$fretinf)
    _printf_fp_dec                           0x0800af97   Thumb Code     4  printf1.o(x$fpl$printf1)
    __I$use$fp                               0x0800af9a   Number         0  usenofp.o(x$fpl$usenofp)
    AHBPrescTable                            0x0800b0d8   Data          16  system_stm32f4xx.o(.constdata)
    APBPrescTable                            0x0800b0e8   Data           8  system_stm32f4xx.o(.constdata)
    SmgTab                                   0x0800b0f0   Data          25  bsp_htc_2k.o(.constdata)
    __mathlib_zero                           0x0800b1e8   Data           8  qnan.o(.constdata)
    Region$$Table$$Base                      0x0800b3e0   Number         0  anon$$obj.o(Region$$Table)
    Region$$Table$$Limit                     0x0800b400   Number         0  anon$$obj.o(Region$$Table)
    __ctype                                  0x0800b429   Data           0  lc_ctype_c.o(locale$$data)
    Task_LEDHandle                           0x20000000   Data           4  freertos.o(.data)
    Task_RS485Handle                         0x20000004   Data           4  freertos.o(.data)
    TaskPanelHandle                          0x20000008   Data           4  freertos.o(.data)
    Task_ADCHandle                           0x2000000c   Data           4  freertos.o(.data)
    Task_SHT30Handle                         0x20000010   Data           4  freertos.o(.data)
    Task_EXVHandle                           0x20000014   Data           4  freertos.o(.data)
    Task_TempCtrlHandle                      0x20000018   Data           4  freertos.o(.data)
    Task_DefrostHandle                       0x2000001c   Data           4  freertos.o(.data)
    Task_EvapFanHandle                       0x20000020   Data           4  freertos.o(.data)
    Task_TimerSvcHandle                      0x20000024   Data           4  freertos.o(.data)
    Task_CondFanHandle                       0x20000028   Data           4  freertos.o(.data)
    EEPROM_MutexHandle                       0x2000002c   Data           4  freertos.o(.data)
    uwTickFreq                               0x20000030   Data           1  stm32f4xx_hal.o(.data)
    uwTickPrio                               0x20000034   Data           4  stm32f4xx_hal.o(.data)
    uwTick                                   0x20000038   Data           4  stm32f4xx_hal.o(.data)
    SystemCoreClock                          0x2000003c   Data           4  system_stm32f4xx.o(.data)
    pxCurrentTCB                             0x20000040   Data           4  tasks.o(.data)
    g_panel_mode                             0x200000a8   Data           1  task_panel.o(.data)
    g_light_on                               0x200000a9   Data           1  task_panel.o(.data)
    g_system_on                              0x200000aa   Data           1  task_panel.o(.data)
    g_set_temp                               0x200000b0   Data           4  task_panel.o(.data)
    rx_complete                              0x200000b9   Data           1  task_rs485_log.o(.data)
    rx_byte                                  0x200000ba   Data           1  task_rs485_log.o(.data)
    rx_index                                 0x200000bc   Data           2  task_rs485_log.o(.data)
    g_temp_inui4_10k                         0x200000c0   Data           4  task_adc.o(.data)
    g_temp_inui5_50k                         0x200000c4   Data           4  task_adc.o(.data)
    g_temp_inui0_10k                         0x200000c8   Data           4  task_adc.o(.data)
    g_temp_inui1_10k                         0x200000cc   Data           4  task_adc.o(.data)
    g_temp_inui6_50k                         0x200000d0   Data           4  task_adc.o(.data)
    g_temp_inui2_10k                         0x200000d4   Data           4  task_adc.o(.data)
    g_pres_low                               0x200000d8   Data           4  task_adc.o(.data)
    g_pres_high                              0x200000dc   Data           4  task_adc.o(.data)
    g_IconSet                                0x200000ef   Data           1  bsp_htc_2k.o(.data)
    g_IconSet1                               0x200000f0   Data           1  bsp_htc_2k.o(.data)
    InvAckOK                                 0x20000100   Data           1  bsp_inverter.o(.data)
    SysEventGroup                            0x20000108   Data           4  sys_state.o(.data)
    SysTimerEventGroup                       0x2000010c   Data           4  sys_state.o(.data)
    SensorDataMutex                          0x20000110   Data           4  sys_state.o(.data)
    g_AlarmFlags                             0x20000114   Data           4  sys_state.o(.data)
    hadc1                                    0x2000036c   Data          72  adc.o(.bss)
    hdma_adc1                                0x200003b4   Data          96  adc.o(.bss)
    hi2c1                                    0x20000414   Data          84  i2c.o(.bss)
    hrtc                                     0x20000468   Data          32  rtc.o(.bss)
    huart4                                   0x20000488   Data          68  usart.o(.bss)
    hdma_uart4_rx                            0x200004cc   Data          96  usart.o(.bss)
    hdma_uart4_tx                            0x2000052c   Data          96  usart.o(.bss)
    htim6                                    0x2000058c   Data          72  stm32f4xx_hal_timebase_tim.o(.bss)
    rx_buffer                                0x20007ec4   Data         128  task_rs485_log.o(.bss)
    adc_buffer                               0x20007f44   Data          16  task_adc.o(.bss)
    huart1                                   0x20007f54   Data          68  bsp_rs485.o(.bss)
    g_InvStatus                              0x20007f98   Data          16  bsp_inverter.o(.bss)
    g_TimerData                              0x20008028   Data          56  sys_state.o(.bss)
    __libspace_start                         0x20008060   Data          96  libspace.o(.bss)
    __temporary_stack_top$libspace           0x200080c0   Data           0  libspace.o(.bss)



==============================================================================

Memory Map of the image

  Image Entry point : 0x08000189

  Load Region LR_IROM1 (Base: 0x08000000, Size: 0x0000b644, Max: 0x00080000, ABSOLUTE)

    Execution Region ER_IROM1 (Exec base: 0x08000000, Load base: 0x08000000, Size: 0x0000b52c, Max: 0x00080000, ABSOLUTE)

    Exec Addr    Load Addr    Size         Type   Attr      Idx    E Section Name        Object

    0x08000000   0x08000000   0x00000188   Data   RO            3    RESET               startup_stm32f407xx.o
    0x08000188   0x08000188   0x00000008   Code   RO         6945  * !!!main             c_w.l(__main.o)
    0x08000190   0x08000190   0x00000034   Code   RO         7262    !!!scatter          c_w.l(__scatter.o)
    0x080001c4   0x080001c4   0x0000001a   Code   RO         7264    !!handler_copy      c_w.l(__scatter_copy.o)
    0x080001de   0x080001de   0x00000002   PAD
    0x080001e0   0x080001e0   0x0000001c   Code   RO         7266    !!handler_zi        c_w.l(__scatter_zi.o)
    0x080001fc   0x080001fc   0x00000000   Code   RO         6918    .ARM.Collect$$_printf_percent$$00000000  c_w.l(_printf_percent.o)
    0x080001fc   0x080001fc   0x00000006   Code   RO         6917    .ARM.Collect$$_printf_percent$$00000003  c_w.l(_printf_f.o)
    0x08000202   0x08000202   0x00000006   Code   RO         6915    .ARM.Collect$$_printf_percent$$00000009  c_w.l(_printf_d.o)
    0x08000208   0x08000208   0x00000006   Code   RO         6916    .ARM.Collect$$_printf_percent$$0000000A  c_w.l(_printf_u.o)
    0x0800020e   0x0800020e   0x00000006   Code   RO         6914    .ARM.Collect$$_printf_percent$$0000000C  c_w.l(_printf_x.o)
    0x08000214   0x08000214   0x00000006   Code   RO         6913    .ARM.Collect$$_printf_percent$$00000014  c_w.l(_printf_s.o)
    0x0800021a   0x0800021a   0x00000004   Code   RO         6994    .ARM.Collect$$_printf_percent$$00000017  c_w.l(_printf_percent_end.o)
    0x0800021e   0x0800021e   0x00000002   Code   RO         7130    .ARM.Collect$$libinit$$00000000  c_w.l(libinit.o)
    0x08000220   0x08000220   0x00000004   Code   RO         7131    .ARM.Collect$$libinit$$00000001  c_w.l(libinit2.o)
    0x08000224   0x08000224   0x00000000   Code   RO         7134    .ARM.Collect$$libinit$$00000004  c_w.l(libinit2.o)
    0x08000224   0x08000224   0x00000000   Code   RO         7137    .ARM.Collect$$libinit$$0000000A  c_w.l(libinit2.o)
    0x08000224   0x08000224   0x00000000   Code   RO         7139    .ARM.Collect$$libinit$$0000000C  c_w.l(libinit2.o)
    0x08000224   0x08000224   0x00000000   Code   RO         7141    .ARM.Collect$$libinit$$0000000E  c_w.l(libinit2.o)
    0x08000224   0x08000224   0x00000006   Code   RO         7142    .ARM.Collect$$libinit$$0000000F  c_w.l(libinit2.o)
    0x0800022a   0x0800022a   0x00000000   Code   RO         7144    .ARM.Collect$$libinit$$00000011  c_w.l(libinit2.o)
    0x0800022a   0x0800022a   0x0000000c   Code   RO         7145    .ARM.Collect$$libinit$$00000012  c_w.l(libinit2.o)
    0x08000236   0x08000236   0x00000000   Code   RO         7146    .ARM.Collect$$libinit$$00000013  c_w.l(libinit2.o)
    0x08000236   0x08000236   0x00000000   Code   RO         7148    .ARM.Collect$$libinit$$00000015  c_w.l(libinit2.o)
    0x08000236   0x08000236   0x0000000a   Code   RO         7149    .ARM.Collect$$libinit$$00000016  c_w.l(libinit2.o)
    0x08000240   0x08000240   0x00000000   Code   RO         7150    .ARM.Collect$$libinit$$00000017  c_w.l(libinit2.o)
    0x08000240   0x08000240   0x00000000   Code   RO         7152    .ARM.Collect$$libinit$$00000019  c_w.l(libinit2.o)
    0x08000240   0x08000240   0x00000000   Code   RO         7154    .ARM.Collect$$libinit$$0000001B  c_w.l(libinit2.o)
    0x08000240   0x08000240   0x00000000   Code   RO         7156    .ARM.Collect$$libinit$$0000001D  c_w.l(libinit2.o)
    0x08000240   0x08000240   0x00000000   Code   RO         7158    .ARM.Collect$$libinit$$0000001F  c_w.l(libinit2.o)
    0x08000240   0x08000240   0x00000000   Code   RO         7160    .ARM.Collect$$libinit$$00000021  c_w.l(libinit2.o)
    0x08000240   0x08000240   0x00000000   Code   RO         7162    .ARM.Collect$$libinit$$00000023  c_w.l(libinit2.o)
    0x08000240   0x08000240   0x00000000   Code   RO         7164    .ARM.Collect$$libinit$$00000025  c_w.l(libinit2.o)
    0x08000240   0x08000240   0x00000000   Code   RO         7168    .ARM.Collect$$libinit$$0000002C  c_w.l(libinit2.o)
    0x08000240   0x08000240   0x00000000   Code   RO         7170    .ARM.Collect$$libinit$$0000002E  c_w.l(libinit2.o)
    0x08000240   0x08000240   0x00000000   Code   RO         7172    .ARM.Collect$$libinit$$00000030  c_w.l(libinit2.o)
    0x08000240   0x08000240   0x00000000   Code   RO         7174    .ARM.Collect$$libinit$$00000032  c_w.l(libinit2.o)
    0x08000240   0x08000240   0x00000002   Code   RO         7175    .ARM.Collect$$libinit$$00000033  c_w.l(libinit2.o)
    0x08000242   0x08000242   0x00000002   Code   RO         7225    .ARM.Collect$$libshutdown$$00000000  c_w.l(libshutdown.o)
    0x08000244   0x08000244   0x00000000   Code   RO         7243    .ARM.Collect$$libshutdown$$00000002  c_w.l(libshutdown2.o)
    0x08000244   0x08000244   0x00000000   Code   RO         7245    .ARM.Collect$$libshutdown$$00000004  c_w.l(libshutdown2.o)
    0x08000244   0x08000244   0x00000000   Code   RO         7247    .ARM.Collect$$libshutdown$$00000006  c_w.l(libshutdown2.o)
    0x08000244   0x08000244   0x00000000   Code   RO         7250    .ARM.Collect$$libshutdown$$00000009  c_w.l(libshutdown2.o)
    0x08000244   0x08000244   0x00000000   Code   RO         7253    .ARM.Collect$$libshutdown$$0000000C  c_w.l(libshutdown2.o)
    0x08000244   0x08000244   0x00000000   Code   RO         7255    .ARM.Collect$$libshutdown$$0000000E  c_w.l(libshutdown2.o)
    0x08000244   0x08000244   0x00000000   Code   RO         7258    .ARM.Collect$$libshutdown$$00000011  c_w.l(libshutdown2.o)
    0x08000244   0x08000244   0x00000002   Code   RO         7259    .ARM.Collect$$libshutdown$$00000012  c_w.l(libshutdown2.o)
    0x08000246   0x08000246   0x00000000   Code   RO         6977    .ARM.Collect$$rtentry$$00000000  c_w.l(__rtentry.o)
    0x08000246   0x08000246   0x00000000   Code   RO         7040    .ARM.Collect$$rtentry$$00000002  c_w.l(__rtentry2.o)
    0x08000246   0x08000246   0x00000006   Code   RO         7052    .ARM.Collect$$rtentry$$00000004  c_w.l(__rtentry4.o)
    0x0800024c   0x0800024c   0x00000000   Code   RO         7042    .ARM.Collect$$rtentry$$00000009  c_w.l(__rtentry2.o)
    0x0800024c   0x0800024c   0x00000004   Code   RO         7043    .ARM.Collect$$rtentry$$0000000A  c_w.l(__rtentry2.o)
    0x08000250   0x08000250   0x00000000   Code   RO         7045    .ARM.Collect$$rtentry$$0000000C  c_w.l(__rtentry2.o)
    0x08000250   0x08000250   0x00000008   Code   RO         7046    .ARM.Collect$$rtentry$$0000000D  c_w.l(__rtentry2.o)
    0x08000258   0x08000258   0x00000002   Code   RO         7176    .ARM.Collect$$rtexit$$00000000  c_w.l(rtexit.o)
    0x0800025a   0x0800025a   0x00000000   Code   RO         7194    .ARM.Collect$$rtexit$$00000002  c_w.l(rtexit2.o)
    0x0800025a   0x0800025a   0x00000004   Code   RO         7195    .ARM.Collect$$rtexit$$00000003  c_w.l(rtexit2.o)
    0x0800025e   0x0800025e   0x00000006   Code   RO         7196    .ARM.Collect$$rtexit$$00000004  c_w.l(rtexit2.o)
    0x08000264   0x08000264   0x000000be   Code   RO         5644    .emb_text           port.o
    0x08000322   0x08000322   0x00000002   PAD
    0x08000324   0x08000324   0x00000040   Code   RO            4    .text               startup_stm32f407xx.o
    0x08000364   0x08000364   0x000000ee   Code   RO         6858    .text               c_w.l(lludivv7m.o)
    0x08000452   0x08000452   0x00000002   PAD
    0x08000454   0x08000454   0x00000028   Code   RO         6862    .text               c_w.l(noretval__2sprintf.o)
    0x0800047c   0x0800047c   0x0000004e   Code   RO         6866    .text               c_w.l(_printf_pad.o)
    0x080004ca   0x080004ca   0x00000052   Code   RO         6868    .text               c_w.l(_printf_str.o)
    0x0800051c   0x0800051c   0x00000078   Code   RO         6870    .text               c_w.l(_printf_dec.o)
    0x08000594   0x08000594   0x00000058   Code   RO         6875    .text               c_w.l(_printf_hex_int.o)
    0x080005ec   0x080005ec   0x00000188   Code   RO         6910    .text               c_w.l(__printf_flags_ss_wp.o)
    0x08000774   0x08000774   0x0000003c   Code   RO         6919    .text               c_w.l(__0sscanf.o)
    0x080007b0   0x080007b0   0x0000014c   Code   RO         6921    .text               c_w.l(_scanf_int.o)
    0x080008fc   0x080008fc   0x00000024   Code   RO         6923    .text               c_w.l(strstr.o)
    0x08000920   0x08000920   0x00000058   Code   RO         6925    .text               c_w.l(memcmp.o)
    0x08000978   0x08000978   0x0000003e   Code   RO         6927    .text               c_w.l(strlen.o)
    0x080009b6   0x080009b6   0x00000096   Code   RO         6929    .text               c_w.l(strncmp.o)
    0x08000a4c   0x08000a4c   0x0000008a   Code   RO         6931    .text               c_w.l(rt_memcpy_v6.o)
    0x08000ad6   0x08000ad6   0x00000064   Code   RO         6933    .text               c_w.l(rt_memcpy_w.o)
    0x08000b3a   0x08000b3a   0x00000010   Code   RO         6937    .text               c_w.l(aeabi_memset.o)
    0x08000b4a   0x08000b4a   0x00000044   Code   RO         6939    .text               c_w.l(rt_memclr.o)
    0x08000b8e   0x08000b8e   0x0000004e   Code   RO         6941    .text               c_w.l(rt_memclr_w.o)
    0x08000bdc   0x08000bdc   0x00000006   Code   RO         6943    .text               c_w.l(heapauxi.o)
    0x08000be2   0x08000be2   0x00000016   Code   RO         6982    .text               c_w.l(_rserrno.o)
    0x08000bf8   0x08000bf8   0x000000b2   Code   RO         6984    .text               c_w.l(_printf_intcommon.o)
    0x08000caa   0x08000caa   0x0000041e   Code   RO         6986    .text               c_w.l(_printf_fp_dec.o)
    0x080010c8   0x080010c8   0x00000030   Code   RO         6988    .text               c_w.l(_printf_char_common.o)
    0x080010f8   0x080010f8   0x0000000a   Code   RO         6990    .text               c_w.l(_sputc.o)
    0x08001102   0x08001102   0x0000002c   Code   RO         6992    .text               c_w.l(_printf_char.o)
    0x0800112e   0x0800112e   0x0000001c   Code   RO         6995    .text               c_w.l(_chval.o)
    0x0800114a   0x0800114a   0x00000002   PAD
    0x0800114c   0x0800114c   0x0000002c   Code   RO         6997    .text               c_w.l(scanf_char.o)
    0x08001178   0x08001178   0x00000040   Code   RO         6999    .text               c_w.l(_sgetc.o)
    0x080011b8   0x080011b8   0x00000008   Code   RO         7059    .text               c_w.l(rt_locale_intlibspace.o)
    0x080011c0   0x080011c0   0x00000008   Code   RO         7064    .text               c_w.l(rt_errno_addr_intlibspace.o)
    0x080011c8   0x080011c8   0x0000008a   Code   RO         7066    .text               c_w.l(lludiv10.o)
    0x08001252   0x08001252   0x00000012   Code   RO         7068    .text               c_w.l(isspace.o)
    0x08001264   0x08001264   0x00000080   Code   RO         7070    .text               c_w.l(_printf_fp_infnan.o)
    0x080012e4   0x080012e4   0x00000374   Code   RO         7074    .text               c_w.l(_scanf.o)
    0x08001658   0x08001658   0x000000e4   Code   RO         7076    .text               c_w.l(bigflt0.o)
    0x0800173c   0x0800173c   0x00000008   Code   RO         7110    .text               c_w.l(libspace.o)
    0x08001744   0x08001744   0x0000004a   Code   RO         7113    .text               c_w.l(sys_stackheap_outer.o)
    0x0800178e   0x0800178e   0x00000002   PAD
    0x08001790   0x08001790   0x00000010   Code   RO         7115    .text               c_w.l(rt_ctype_table.o)
    0x080017a0   0x080017a0   0x00000012   Code   RO         7117    .text               c_w.l(exit.o)
    0x080017b2   0x080017b2   0x00000002   PAD
    0x080017b4   0x080017b4   0x00000080   Code   RO         7123    .text               c_w.l(strcmpv7m.o)
    0x08001834   0x08001834   0x0000000c   Code   RO         7191    .text               c_w.l(sys_exit.o)
    0x08001840   0x08001840   0x00000002   Code   RO         7212    .text               c_w.l(use_no_semi.o)
    0x08001842   0x08001842   0x00000000   Code   RO         7214    .text               c_w.l(indicate_semi.o)
    0x08001842   0x08001842   0x0000003e   Code   RO         7079    CL$$btod_d2e        c_w.l(btod.o)
    0x08001880   0x08001880   0x00000046   Code   RO         7081    CL$$btod_d2e_denorm_low  c_w.l(btod.o)
    0x080018c6   0x080018c6   0x00000060   Code   RO         7080    CL$$btod_d2e_norm_op1  c_w.l(btod.o)
    0x08001926   0x08001926   0x00000338   Code   RO         7089    CL$$btod_div_common  c_w.l(btod.o)
    0x08001c5e   0x08001c5e   0x000000dc   Code   RO         7086    CL$$btod_e2e        c_w.l(btod.o)
    0x08001d3a   0x08001d3a   0x0000002a   Code   RO         7083    CL$$btod_ediv       c_w.l(btod.o)
    0x08001d64   0x08001d64   0x0000002a   Code   RO         7082    CL$$btod_emul       c_w.l(btod.o)
    0x08001d8e   0x08001d8e   0x00000244   Code   RO         7088    CL$$btod_mult_common  c_w.l(btod.o)
    0x08001fd2   0x08001fd2   0x0000006e   Code   RO          798    i.ADC_DMAConvCplt   stm32f4xx_hal_adc.o
    0x08002040   0x08002040   0x00000016   Code   RO          799    i.ADC_DMAError      stm32f4xx_hal_adc.o
    0x08002056   0x08002056   0x0000000a   Code   RO          800    i.ADC_DMAHalfConvCplt  stm32f4xx_hal_adc.o
    0x08002060   0x08002060   0x00000128   Code   RO          801    i.ADC_Init          stm32f4xx_hal_adc.o
    0x08002188   0x08002188   0x00000058   Code   RO         6445    i.BSP_EEPROM_Read   bsp_eeprom.o
    0x080021e0   0x080021e0   0x00000060   Code   RO         6446    i.BSP_EEPROM_Write  bsp_eeprom.o
    0x08002240   0x08002240   0x00000010   Code   RO         6613    i.BSP_EXV_DeEnergize  bsp_exv.o
    0x08002250   0x08002250   0x00000058   Code   RO         6615    i.BSP_EXV_Init      bsp_exv.o
    0x080022a8   0x080022a8   0x00000040   Code   RO         6618    i.BSP_EXV_ResetToZero  bsp_exv.o
    0x080022e8   0x080022e8   0x0000003c   Code   RO         6619    i.BSP_EXV_SetPosition  bsp_exv.o
    0x08002324   0x08002324   0x00000068   Code   RO         6620    i.BSP_EXV_Step      bsp_exv.o
    0x0800238c   0x0800238c   0x00000018   Code   RO         6584    i.BSP_I2C1_Lock     bsp_i2c_mutex.o
    0x080023a4   0x080023a4   0x00000018   Code   RO         6585    i.BSP_I2C1_MutexInit  bsp_i2c_mutex.o
    0x080023bc   0x080023bc   0x00000018   Code   RO         6586    i.BSP_I2C1_Unlock   bsp_i2c_mutex.o
    0x080023d4   0x080023d4   0x0000004c   Code   RO         6687    i.BSP_Inverter_Init  bsp_inverter.o
    0x08002420   0x08002420   0x00000064   Code   RO         6689    i.BSP_Inverter_Send  bsp_inverter.o
    0x08002484   0x08002484   0x0000000c   Code   RO         6298    i.BSP_LED0_Toggle   bsp_led.o
    0x08002490   0x08002490   0x00000010   Code   RO         6299    i.BSP_LED1_Toggle   bsp_led.o
    0x080024a0   0x080024a0   0x0000003c   Code   RO         6447    i.BSP_Log_Add       bsp_eeprom.o
    0x080024dc   0x080024dc   0x0000000c   Code   RO         6448    i.BSP_Log_Get_Current_Index  bsp_eeprom.o
    0x080024e8   0x080024e8   0x0000002c   Code   RO         6449    i.BSP_Log_Init      bsp_eeprom.o
    0x08002514   0x08002514   0x00000016   Code   RO         6450    i.BSP_Log_Read_By_Index  bsp_eeprom.o
    0x0800252a   0x0800252a   0x00000002   PAD
    0x0800252c   0x0800252c   0x000000c8   Code   RO         6502    i.BSP_RS485_Init    bsp_rs485.o
    0x080025f4   0x080025f4   0x00000064   Code   RO         6503    i.BSP_RS485_SendString  bsp_rs485.o
    0x08002658   0x08002658   0x00000012   Code   RO         6748    i.BSP_Relay_AllOff  bsp_relay.o
    0x0800266a   0x0800266a   0x00000002   PAD
    0x0800266c   0x0800266c   0x00000028   Code   RO         6749    i.BSP_Relay_GetState  bsp_relay.o
    0x08002694   0x08002694   0x00000088   Code   RO         6750    i.BSP_Relay_Init    bsp_relay.o
    0x0800271c   0x0800271c   0x00000020   Code   RO         6751    i.BSP_Relay_Name    bsp_relay.o
    0x0800273c   0x0800273c   0x00000020   Code   RO         6752    i.BSP_Relay_Off     bsp_relay.o
    0x0800275c   0x0800275c   0x00000020   Code   RO         6753    i.BSP_Relay_On      bsp_relay.o
    0x0800277c   0x0800277c   0x0000000a   Code   RO         6754    i.BSP_Relay_Set     bsp_relay.o
    0x08002786   0x08002786   0x00000032   Code   RO         6544    i.BSP_SHT30_CRC     bsp_sht30.o
    0x080027b8   0x080027b8   0x00000018   Code   RO         6545    i.BSP_SHT30_Init    bsp_sht30.o
    0x080027d0   0x080027d0   0x000000f8   Code   RO         6546    i.BSP_SHT30_Read    bsp_sht30.o
    0x080028c8   0x080028c8   0x0000003c   Code   RO         6547    i.BSP_SHT30_SoftReset  bsp_sht30.o
    0x08002904   0x08002904   0x00000002   Code   RO          641    i.BusFault_Handler  stm32f4xx_it.o
    0x08002906   0x08002906   0x00000002   PAD
    0x08002908   0x08002908   0x00000024   Code   RO         6188    i.CabinetSensor_IsValid  task_temp_ctrl.o
    0x0800292c   0x0800292c   0x000000fc   Code   RO         6189    i.Compressor_Start  task_temp_ctrl.o
    0x08002a28   0x08002a28   0x0000003c   Code   RO         6190    i.Compressor_Stop   task_temp_ctrl.o
    0x08002a64   0x08002a64   0x0000001c   Code   RO         5987    i.CondFan_AllOff    task_cond_fan.o
    0x08002a80   0x08002a80   0x00000048   Code   RO         5988    i.CondFan_MainProcess  task_cond_fan.o
    0x08002ac8   0x08002ac8   0x0000000c   Code   RO          642    i.DMA1_Stream2_IRQHandler  stm32f4xx_it.o
    0x08002ad4   0x08002ad4   0x0000000c   Code   RO          643    i.DMA1_Stream4_IRQHandler  stm32f4xx_it.o
    0x08002ae0   0x08002ae0   0x0000000c   Code   RO          644    i.DMA2_Stream0_IRQHandler  stm32f4xx_it.o
    0x08002aec   0x08002aec   0x00000028   Code   RO         1535    i.DMA_CalcBaseAndBitshift  stm32f4xx_hal_dma.o
    0x08002b14   0x08002b14   0x00000054   Code   RO         1536    i.DMA_CheckFifoParam  stm32f4xx_hal_dma.o
    0x08002b68   0x08002b68   0x00000028   Code   RO         1537    i.DMA_SetConfig     stm32f4xx_hal_dma.o
    0x08002b90   0x08002b90   0x00000002   Code   RO          645    i.DebugMon_Handler  stm32f4xx_it.o
    0x08002b92   0x08002b92   0x00000002   PAD
    0x08002b94   0x08002b94   0x0000001c   Code   RO         6022    i.Defrost_HeatReset  task_defrost.o
    0x08002bb0   0x08002bb0   0x00000144   Code   RO         6023    i.Defrost_HeatSubroutine  task_defrost.o
    0x08002cf4   0x08002cf4   0x0000019c   Code   RO         6024    i.Defrost_MainProcess  task_defrost.o
    0x08002e90   0x08002e90   0x0000001c   Code   RO         6025    i.Defrost_StopCompressor  task_defrost.o
    0x08002eac   0x08002eac   0x00000050   Code   RO         6026    i.Defrost_TransitionToDrip  task_defrost.o
    0x08002efc   0x08002efc   0x00000024   Code   RO           13    i.Error_Handler     main.o
    0x08002f20   0x08002f20   0x00000010   Code   RO         6075    i.EvapFan_MarkRunning  task_evap_fan.o
    0x08002f30   0x08002f30   0x00000010   Code   RO         6076    i.EvapFan_MarkStopped  task_evap_fan.o
    0x08002f40   0x08002f40   0x0000007c   Code   RO         6077    i.EvapFan_ModeF1    task_evap_fan.o
    0x08002fbc   0x08002fbc   0x0000001c   Code   RO         6080    i.EvapFan_StartF3Timer  task_evap_fan.o
    0x08002fd8   0x08002fd8   0x0000014c   Code   RO          803    i.HAL_ADC_ConfigChannel  stm32f4xx_hal_adc.o
    0x08003124   0x08003124   0x00000002   Code   RO          804    i.HAL_ADC_ConvCpltCallback  stm32f4xx_hal_adc.o
    0x08003126   0x08003126   0x00000002   Code   RO          805    i.HAL_ADC_ConvHalfCpltCallback  stm32f4xx_hal_adc.o
    0x08003128   0x08003128   0x00000002   Code   RO          807    i.HAL_ADC_ErrorCallback  stm32f4xx_hal_adc.o
    0x0800312a   0x0800312a   0x00000054   Code   RO          812    i.HAL_ADC_Init      stm32f4xx_hal_adc.o
    0x0800317e   0x0800317e   0x00000002   PAD
    0x08003180   0x08003180   0x000000b8   Code   RO          450    i.HAL_ADC_MspInit   adc.o
    0x08003238   0x08003238   0x00000154   Code   RO          819    i.HAL_ADC_Start_DMA  stm32f4xx_hal_adc.o
    0x0800338c   0x0800338c   0x00000092   Code   RO         1538    i.HAL_DMA_Abort     stm32f4xx_hal_dma.o
    0x0800341e   0x0800341e   0x00000024   Code   RO         1539    i.HAL_DMA_Abort_IT  stm32f4xx_hal_dma.o
    0x08003442   0x08003442   0x00000002   PAD
    0x08003444   0x08003444   0x000001a0   Code   RO         1543    i.HAL_DMA_IRQHandler  stm32f4xx_hal_dma.o
    0x080035e4   0x080035e4   0x000000d4   Code   RO         1544    i.HAL_DMA_Init      stm32f4xx_hal_dma.o
    0x080036b8   0x080036b8   0x0000006e   Code   RO         1548    i.HAL_DMA_Start_IT  stm32f4xx_hal_dma.o
    0x08003726   0x08003726   0x00000002   PAD
    0x08003728   0x08003728   0x000001f0   Code   RO         1431    i.HAL_GPIO_Init     stm32f4xx_hal_gpio.o
    0x08003918   0x08003918   0x0000000a   Code   RO         1433    i.HAL_GPIO_ReadPin  stm32f4xx_hal_gpio.o
    0x08003922   0x08003922   0x00000010   Code   RO         1434    i.HAL_GPIO_TogglePin  stm32f4xx_hal_gpio.o
    0x08003932   0x08003932   0x0000000a   Code   RO         1435    i.HAL_GPIO_WritePin  stm32f4xx_hal_gpio.o
    0x0800393c   0x0800393c   0x0000000c   Code   RO         1963    i.HAL_GetTick       stm32f4xx_hal.o
    0x08003948   0x08003948   0x00000188   Code   RO         2219    i.HAL_I2C_Init      stm32f4xx_hal_i2c.o
    0x08003ad0   0x08003ad0   0x000001e0   Code   RO         2225    i.HAL_I2C_Master_Receive  stm32f4xx_hal_i2c.o
    0x08003cb0   0x08003cb0   0x0000012c   Code   RO         2232    i.HAL_I2C_Master_Transmit  stm32f4xx_hal_i2c.o
    0x08003ddc   0x08003ddc   0x000001f8   Code   RO         2237    i.HAL_I2C_Mem_Read  stm32f4xx_hal_i2c.o
    0x08003fd4   0x08003fd4   0x00000130   Code   RO         2240    i.HAL_I2C_Mem_Write  stm32f4xx_hal_i2c.o
    0x08004104   0x08004104   0x0000006c   Code   RO          516    i.HAL_I2C_MspInit   i2c.o
    0x08004170   0x08004170   0x00000010   Code   RO         1969    i.HAL_IncTick       stm32f4xx_hal.o
    0x08004180   0x08004180   0x00000034   Code   RO         1970    i.HAL_Init          stm32f4xx_hal.o
    0x080041b4   0x080041b4   0x00000074   Code   RO          759    i.HAL_InitTick      stm32f4xx_hal_timebase_tim.o
    0x08004228   0x08004228   0x00000038   Code   RO          735    i.HAL_MspInit       stm32f4xx_hal_msp.o
    0x08004260   0x08004260   0x00000022   Code   RO         1819    i.HAL_NVIC_DisableIRQ  stm32f4xx_hal_cortex.o
    0x08004282   0x08004282   0x0000001a   Code   RO         1820    i.HAL_NVIC_EnableIRQ  stm32f4xx_hal_cortex.o
    0x0800429c   0x0800429c   0x00000040   Code   RO         1826    i.HAL_NVIC_SetPriority  stm32f4xx_hal_cortex.o
    0x080042dc   0x080042dc   0x00000024   Code   RO         1827    i.HAL_NVIC_SetPriorityGrouping  stm32f4xx_hal_cortex.o
    0x08004300   0x08004300   0x0000013c   Code   RO         1182    i.HAL_RCCEx_PeriphCLKConfig  stm32f4xx_hal_rcc_ex.o
    0x0800443c   0x0800443c   0x00000134   Code   RO         1077    i.HAL_RCC_ClockConfig  stm32f4xx_hal_rcc.o
    0x08004570   0x08004570   0x00000040   Code   RO         1081    i.HAL_RCC_GetClockConfig  stm32f4xx_hal_rcc.o
    0x080045b0   0x080045b0   0x00000020   Code   RO         1084    i.HAL_RCC_GetPCLK1Freq  stm32f4xx_hal_rcc.o
    0x080045d0   0x080045d0   0x00000020   Code   RO         1085    i.HAL_RCC_GetPCLK2Freq  stm32f4xx_hal_rcc.o
    0x080045f0   0x080045f0   0x00000060   Code   RO         1086    i.HAL_RCC_GetSysClockFreq  stm32f4xx_hal_rcc.o
    0x08004650   0x08004650   0x0000036c   Code   RO         1089    i.HAL_RCC_OscConfig  stm32f4xx_hal_rcc.o
    0x080049bc   0x080049bc   0x0000000a   Code   RO         2826    i.HAL_RTCEx_BKUPRead  stm32f4xx_hal_rtc_ex.o
    0x080049c6   0x080049c6   0x0000000a   Code   RO         2827    i.HAL_RTCEx_BKUPWrite  stm32f4xx_hal_rtc_ex.o
    0x080049d0   0x080049d0   0x00000044   Code   RO         2668    i.HAL_RTC_GetDate   stm32f4xx_hal_rtc.o
    0x08004a14   0x08004a14   0x00000058   Code   RO         2670    i.HAL_RTC_GetTime   stm32f4xx_hal_rtc.o
    0x08004a6c   0x08004a6c   0x000000ac   Code   RO         2671    i.HAL_RTC_Init      stm32f4xx_hal_rtc.o
    0x08004b18   0x08004b18   0x00000038   Code   RO          558    i.HAL_RTC_MspInit   rtc.o
    0x08004b50   0x08004b50   0x000000c8   Code   RO         2677    i.HAL_RTC_SetDate   stm32f4xx_hal_rtc.o
    0x08004c18   0x08004c18   0x000000ec   Code   RO         2678    i.HAL_RTC_SetTime   stm32f4xx_hal_rtc.o
    0x08004d04   0x08004d04   0x00000036   Code   RO         2679    i.HAL_RTC_WaitForSynchro  stm32f4xx_hal_rtc.o
    0x08004d3a   0x08004d3a   0x00000002   Code   RO         3759    i.HAL_TIMEx_BreakCallback  stm32f4xx_hal_tim_ex.o
    0x08004d3c   0x08004d3c   0x00000002   Code   RO         3760    i.HAL_TIMEx_CommutCallback  stm32f4xx_hal_tim_ex.o
    0x08004d3e   0x08004d3e   0x0000005a   Code   RO         3055    i.HAL_TIM_Base_Init  stm32f4xx_hal_tim.o
    0x08004d98   0x08004d98   0x00000002   Code   RO         3057    i.HAL_TIM_Base_MspInit  stm32f4xx_hal_tim.o
    0x08004d9a   0x08004d9a   0x00000002   PAD
    0x08004d9c   0x08004d9c   0x00000080   Code   RO         3060    i.HAL_TIM_Base_Start_IT  stm32f4xx_hal_tim.o
    0x08004e1c   0x08004e1c   0x00000002   Code   RO         3089    i.HAL_TIM_IC_CaptureCallback  stm32f4xx_hal_tim.o
    0x08004e1e   0x08004e1e   0x00000166   Code   RO         3103    i.HAL_TIM_IRQHandler  stm32f4xx_hal_tim.o
    0x08004f84   0x08004f84   0x00000002   Code   RO         3106    i.HAL_TIM_OC_DelayElapsedCallback  stm32f4xx_hal_tim.o
    0x08004f86   0x08004f86   0x00000002   Code   RO         3133    i.HAL_TIM_PWM_PulseFinishedCallback  stm32f4xx_hal_tim.o
    0x08004f88   0x08004f88   0x00000014   Code   RO           14    i.HAL_TIM_PeriodElapsedCallback  main.o
    0x08004f9c   0x08004f9c   0x00000002   Code   RO         3146    i.HAL_TIM_TriggerCallback  stm32f4xx_hal_tim.o
    0x08004f9e   0x08004f9e   0x00000002   Code   RO         4037    i.HAL_UARTEx_RxEventCallback  stm32f4xx_hal_uart.o
    0x08004fa0   0x08004fa0   0x00000002   Code   RO         4051    i.HAL_UART_ErrorCallback  stm32f4xx_hal_uart.o
    0x08004fa2   0x08004fa2   0x00000002   PAD
    0x08004fa4   0x08004fa4   0x00000268   Code   RO         4054    i.HAL_UART_IRQHandler  stm32f4xx_hal_uart.o
    0x0800520c   0x0800520c   0x00000062   Code   RO         4055    i.HAL_UART_Init     stm32f4xx_hal_uart.o
    0x0800526e   0x0800526e   0x00000002   PAD
    0x08005270   0x08005270   0x000000e4   Code   RO          600    i.HAL_UART_MspInit  usart.o
    0x08005354   0x08005354   0x000000c0   Code   RO         4058    i.HAL_UART_Receive  stm32f4xx_hal_uart.o
    0x08005414   0x08005414   0x0000002a   Code   RO         4060    i.HAL_UART_Receive_IT  stm32f4xx_hal_uart.o
    0x0800543e   0x0800543e   0x00000002   PAD
    0x08005440   0x08005440   0x00000060   Code   RO         6690    i.HAL_UART_RxCpltCallback  bsp_inverter.o
    0x080054a0   0x080054a0   0x000000b2   Code   RO         4063    i.HAL_UART_Transmit  stm32f4xx_hal_uart.o
    0x08005552   0x08005552   0x00000002   Code   RO         4066    i.HAL_UART_TxCpltCallback  stm32f4xx_hal_uart.o
    0x08005554   0x08005554   0x00000058   Code   RO         6334    i.HTC2K_Init        bsp_htc_2k.o
    0x080055ac   0x080055ac   0x00000058   Code   RO         6335    i.HTC2K_Init1       bsp_htc_2k.o
    0x08005604   0x08005604   0x00000068   Code   RO         6336    i.HTC2K_ReadKeys    bsp_htc_2k.o
    0x0800566c   0x0800566c   0x00000068   Code   RO         6337    i.HTC2K_ReadKeys1   bsp_htc_2k.o
    0x080056d4   0x080056d4   0x00000084   Code   RO         6338    i.HTC2K_ShowTemp    bsp_htc_2k.o
    0x08005758   0x08005758   0x00000084   Code   RO         6339    i.HTC2K_ShowTemp1   bsp_htc_2k.o
    0x080057dc   0x080057dc   0x00000002   Code   RO          646    i.HardFault_Handler  stm32f4xx_it.o
    0x080057de   0x080057de   0x0000002e   Code   RO         2261    i.I2C_IsAcknowledgeFailed  stm32f4xx_hal_i2c.o
    0x0800580c   0x0800580c   0x000000ec   Code   RO         2264    i.I2C_MasterRequestRead  stm32f4xx_hal_i2c.o
    0x080058f8   0x080058f8   0x0000009c   Code   RO         2265    i.I2C_MasterRequestWrite  stm32f4xx_hal_i2c.o
    0x08005994   0x08005994   0x000000fc   Code   RO         2271    i.I2C_RequestMemoryRead  stm32f4xx_hal_i2c.o
    0x08005a90   0x08005a90   0x000000a8   Code   RO         2272    i.I2C_RequestMemoryWrite  stm32f4xx_hal_i2c.o
    0x08005b38   0x08005b38   0x0000004c   Code   RO         2276    i.I2C_WaitOnBTFFlagUntilTimeout  stm32f4xx_hal_i2c.o
    0x08005b84   0x08005b84   0x00000068   Code   RO         2277    i.I2C_WaitOnFlagUntilTimeout  stm32f4xx_hal_i2c.o
    0x08005bec   0x08005bec   0x00000096   Code   RO         2278    i.I2C_WaitOnMasterAddressFlagUntilTimeout  stm32f4xx_hal_i2c.o
    0x08005c82   0x08005c82   0x00000066   Code   RO         2279    i.I2C_WaitOnRXNEFlagUntilTimeout  stm32f4xx_hal_i2c.o
    0x08005ce8   0x08005ce8   0x0000004c   Code   RO         2280    i.I2C_WaitOnTXEFlagUntilTimeout  stm32f4xx_hal_i2c.o
    0x08005d34   0x08005d34   0x00000100   Code   RO          451    i.MX_ADC1_Init      adc.o
    0x08005e34   0x08005e34   0x0000005c   Code   RO          491    i.MX_DMA_Init       dma.o
    0x08005e90   0x08005e90   0x00000120   Code   RO          272    i.MX_FREERTOS_Init  freertos.o
    0x08005fb0   0x08005fb0   0x000000c8   Code   RO          244    i.MX_GPIO_Init      gpio.o
    0x08006078   0x08006078   0x00000040   Code   RO          517    i.MX_I2C1_Init      i2c.o
    0x080060b8   0x080060b8   0x000000a4   Code   RO          559    i.MX_RTC_Init       rtc.o
    0x0800615c   0x0800615c   0x00000038   Code   RO          601    i.MX_UART4_Init     usart.o
    0x08006194   0x08006194   0x00000002   Code   RO          647    i.MemManage_Handler  stm32f4xx_it.o
    0x08006196   0x08006196   0x00000002   Code   RO          648    i.NMI_Handler       stm32f4xx_it.o
    0x08006198   0x08006198   0x00000270   Code   RO         6191    i.NotifyUser        task_temp_ctrl.o
    0x08006408   0x08006408   0x0000001c   Code   RO         6192    i.OilHeater_Off     task_temp_ctrl.o
    0x08006424   0x08006424   0x00000020   Code   RO         5724    i.Panel_SaveSetTemp  task_panel.o
    0x08006444   0x08006444   0x00000010   Code   RO         6504    i.RS485_1_SetRx     bsp_rs485.o
    0x08006454   0x08006454   0x00000010   Code   RO         6691    i.RS485_SetRx       bsp_inverter.o
    0x08006464   0x08006464   0x00000012   Code   RO         2680    i.RTC_Bcd2ToByte    stm32f4xx_hal_rtc.o
    0x08006476   0x08006476   0x00000016   Code   RO         2681    i.RTC_ByteToBcd2    stm32f4xx_hal_rtc.o
    0x0800648c   0x0800648c   0x0000003a   Code   RO         2682    i.RTC_EnterInitMode  stm32f4xx_hal_rtc.o
    0x080064c6   0x080064c6   0x00000002   PAD
    0x080064c8   0x080064c8   0x00000094   Code   RO         6692    i.SendAndVerifyEcho  bsp_inverter.o
    0x0800655c   0x0800655c   0x0000000c   Code   RO          273    i.StartTask03       freertos.o
    0x08006568   0x08006568   0x0000000c   Code   RO          274    i.StartTask_ADC     freertos.o
    0x08006574   0x08006574   0x0000000c   Code   RO          275    i.StartTask_CondFan  freertos.o
    0x08006580   0x08006580   0x0000000c   Code   RO          276    i.StartTask_Defrost  freertos.o
    0x0800658c   0x0800658c   0x0000000c   Code   RO          277    i.StartTask_EXV     freertos.o
    0x08006598   0x08006598   0x0000000c   Code   RO          278    i.StartTask_EvapFan  freertos.o
    0x080065a4   0x080065a4   0x0000000c   Code   RO          280    i.StartTask_LED     freertos.o
    0x080065b0   0x080065b0   0x0000000c   Code   RO          281    i.StartTask_RS485   freertos.o
    0x080065bc   0x080065bc   0x0000000c   Code   RO          282    i.StartTask_SHT30   freertos.o
    0x080065c8   0x080065c8   0x0000000c   Code   RO          283    i.StartTask_TempCtrl  freertos.o
    0x080065d4   0x080065d4   0x0000000c   Code   RO          284    i.StartTask_TimerSvc  freertos.o
    0x080065e0   0x080065e0   0x00000008   Code   RO         6807    i.SysState_GetRawPtr  sys_state.o
    0x080065e8   0x080065e8   0x00000040   Code   RO         6808    i.SysState_GetSensor  sys_state.o
    0x08006628   0x08006628   0x0000003c   Code   RO         6809    i.SysState_Init     sys_state.o
    0x08006664   0x08006664   0x00000018   Code   RO         6810    i.SysState_Lock     sys_state.o
    0x0800667c   0x0800667c   0x00000018   Code   RO         6811    i.SysState_Unlock   sys_state.o
    0x08006694   0x08006694   0x0000002c   Code   RO         5645    i.SysTick_Handler   port.o
    0x080066c0   0x080066c0   0x00000094   Code   RO           15    i.SystemClock_Config  main.o
    0x08006754   0x08006754   0x00000010   Code   RO         4384    i.SystemInit        system_stm32f4xx.o
    0x08006764   0x08006764   0x00000094   Code   RO         5811    i.System_Record_Fault  task_rs485_log.o
    0x080067f8   0x080067f8   0x0000000c   Code   RO          649    i.TIM6_DAC_IRQHandler  stm32f4xx_it.o
    0x08006804   0x08006804   0x000000c8   Code   RO         3148    i.TIM_Base_SetConfig  stm32f4xx_hal_tim.o
    0x080068cc   0x080068cc   0x00000038   Code   RO         6340    i.TM0_Ask           bsp_htc_2k.o
    0x08006904   0x08006904   0x00000040   Code   RO         6341    i.TM0_Start         bsp_htc_2k.o
    0x08006944   0x08006944   0x00000048   Code   RO         6342    i.TM0_Stop          bsp_htc_2k.o
    0x0800698c   0x0800698c   0x0000004c   Code   RO         6343    i.TM0_WriteByte     bsp_htc_2k.o
    0x080069d8   0x080069d8   0x0000002c   Code   RO         6344    i.TM1637_DelayUs    bsp_htc_2k.o
    0x08006a04   0x08006a04   0x00000038   Code   RO         6345    i.TM1_Ask           bsp_htc_2k.o
    0x08006a3c   0x08006a3c   0x00000040   Code   RO         6346    i.TM1_Start         bsp_htc_2k.o
    0x08006a7c   0x08006a7c   0x00000048   Code   RO         6347    i.TM1_Stop          bsp_htc_2k.o
    0x08006ac4   0x08006ac4   0x0000004c   Code   RO         6348    i.TM1_WriteByte     bsp_htc_2k.o
    0x08006b10   0x08006b10   0x0000018c   Code   RO         5855    i.Task_ADC_Process  task_adc.o
    0x08006c9c   0x08006c9c   0x0000001c   Code   RO         5989    i.Task_CondFan_Process  task_cond_fan.o
    0x08006cb8   0x08006cb8   0x00000034   Code   RO         6027    i.Task_Defrost_Process  task_defrost.o
    0x08006cec   0x08006cec   0x00000070   Code   RO         5942    i.Task_EXV_Process  task_exv.o
    0x08006d5c   0x08006d5c   0x00000028   Code   RO         6081    i.Task_EvapFan_Process  task_evap_fan.o
    0x08006d84   0x08006d84   0x0000002c   Code   RO         5784    i.Task_LED_Process  task_led.o
    0x08006db0   0x08006db0   0x000002e8   Code   RO         5725    i.Task_Panel_Process  task_panel.o
    0x08007098   0x08007098   0x00000954   Code   RO         5812    i.Task_RS485Log_Process  task_rs485_log.o
    0x080079ec   0x080079ec   0x0000005e   Code   RO         5918    i.Task_SHT30_Process  task_sht30.o
    0x08007a4a   0x08007a4a   0x00000002   PAD
    0x08007a4c   0x08007a4c   0x00000078   Code   RO         6193    i.Task_TempCtrl_Process  task_temp_ctrl.o
    0x08007ac4   0x08007ac4   0x00000048   Code   RO         6268    i.Task_TimerSvc_Process  task_timer_svc.o
    0x08007b0c   0x08007b0c   0x0000013c   Code   RO         6194    i.TempCtrl_AlarmProcess  task_temp_ctrl.o
    0x08007c48   0x08007c48   0x0000004c   Code   RO         6195    i.TempCtrl_CompressorStart  task_temp_ctrl.o
    0x08007c94   0x08007c94   0x00000264   Code   RO         6196    i.TempCtrl_MainLogic  task_temp_ctrl.o
    0x08007ef8   0x08007ef8   0x00000040   Code   RO         6197    i.TempCtrl_OilHeatControl  task_temp_ctrl.o
    0x08007f38   0x08007f38   0x000000a4   Code   RO         6349    i.TempToSegments    bsp_htc_2k.o
    0x08007fdc   0x08007fdc   0x0000018c   Code   RO         6269    i.TimerSvc_TickProcess  task_timer_svc.o
    0x08008168   0x08008168   0x0000000c   Code   RO          650    i.UART4_IRQHandler  stm32f4xx_it.o
    0x08008174   0x08008174   0x00000010   Code   RO         4068    i.UART_DMAAbortOnError  stm32f4xx_hal_uart.o
    0x08008184   0x08008184   0x0000004e   Code   RO         4078    i.UART_EndRxTransfer  stm32f4xx_hal_uart.o
    0x080081d2   0x080081d2   0x000000c0   Code   RO         4080    i.UART_Receive_IT   stm32f4xx_hal_uart.o
    0x08008292   0x08008292   0x00000002   PAD
    0x08008294   0x08008294   0x0000010c   Code   RO         4081    i.UART_SetConfig    stm32f4xx_hal_uart.o
    0x080083a0   0x080083a0   0x00000036   Code   RO         4083    i.UART_Start_Receive_IT  stm32f4xx_hal_uart.o
    0x080083d6   0x080083d6   0x00000078   Code   RO         4084    i.UART_WaitOnFlagUntilTimeout  stm32f4xx_hal_uart.o
    0x0800844e   0x0800844e   0x00000002   PAD
    0x08008450   0x08008450   0x0000000c   Code   RO          651    i.USART1_IRQHandler  stm32f4xx_it.o
    0x0800845c   0x0800845c   0x00000002   Code   RO          652    i.UsageFault_Handler  stm32f4xx_it.o
    0x0800845e   0x0800845e   0x00000030   Code   RO         7108    i.__ARM_fpclassify  m_wm.l(fpclassify.o)
    0x0800848e   0x0800848e   0x00000020   Code   RO         1833    i.__NVIC_SetPriority  stm32f4xx_hal_cortex.o
    0x080084ae   0x080084ae   0x00000002   PAD
    0x080084b0   0x080084b0   0x000003c4   Code   RO         6963    i.__hardfp_log      m_wm.l(log.o)
    0x08008874   0x08008874   0x000000f8   Code   RO         7036    i.__kernel_poly     m_wm.l(poly.o)
    0x0800896c   0x0800896c   0x00000004   PAD
    0x08008970   0x08008970   0x00000030   Code   RO         7022    i.__mathlib_dbl_divzero  m_wm.l(dunder.o)
    0x080089a0   0x080089a0   0x00000014   Code   RO         7023    i.__mathlib_dbl_infnan  m_wm.l(dunder.o)
    0x080089b4   0x080089b4   0x00000004   PAD
    0x080089b8   0x080089b8   0x00000020   Code   RO         7025    i.__mathlib_dbl_invalid  m_wm.l(dunder.o)
    0x080089d8   0x080089d8   0x0000000e   Code   RO         6903    i._is_digit         c_w.l(__printf_wp.o)
    0x080089e6   0x080089e6   0x00000002   PAD
    0x080089e8   0x080089e8   0x00000070   Code   RO         5856    i.adc_to_pressure   task_adc.o
    0x08008a58   0x08008a58   0x000000dc   Code   RO         5857    i.adc_to_temperature_10k  task_adc.o
    0x08008b34   0x08008b34   0x000000dc   Code   RO         5858    i.adc_to_temperature_50k  task_adc.o
    0x08008c10   0x08008c10   0x00000080   Code   RO         5859    i.co2_pressure_to_sat_temp  task_adc.o
    0x08008c90   0x08008c90   0x00000070   Code   RO         6621    i.exv_set_phase     bsp_exv.o
    0x08008d00   0x08008d00   0x0000000c   Code   RO         5208    i.inHandlerMode     cmsis_os.o
    0x08008d0c   0x08008d0c   0x0000002e   Code   RO           16    i.main              main.o
    0x08008d3a   0x08008d3a   0x0000000c   Code   RO         5210    i.makeFreeRtosPriority  cmsis_os.o
    0x08008d46   0x08008d46   0x0000000e   Code   RO         5212    i.osDelay           cmsis_os.o
    0x08008d54   0x08008d54   0x0000000a   Code   RO         5215    i.osKernelStart     cmsis_os.o
    0x08008d5e   0x08008d5e   0x00000010   Code   RO         5230    i.osMutexCreate     cmsis_os.o
    0x08008d6e   0x08008d6e   0x00000002   PAD
    0x08008d70   0x08008d70   0x00000050   Code   RO         5232    i.osMutexRelease    cmsis_os.o
    0x08008dc0   0x08008dc0   0x00000064   Code   RO         5233    i.osMutexWait       cmsis_os.o
    0x08008e24   0x08008e24   0x00000054   Code   RO         5249    i.osThreadCreate    cmsis_os.o
    0x08008e78   0x08008e78   0x00000070   Code   RO         4886    i.prvAddCurrentTaskToDelayedList  tasks.o
    0x08008ee8   0x08008ee8   0x000000d0   Code   RO         4887    i.prvAddNewTaskToReadyList  tasks.o
    0x08008fb8   0x08008fb8   0x00000026   Code   RO         4562    i.prvCopyDataFromQueue  queue.o
    0x08008fde   0x08008fde   0x0000006c   Code   RO         4563    i.prvCopyDataToQueue  queue.o
    0x0800904a   0x0800904a   0x00000034   Code   RO         4888    i.prvDeleteTCB      tasks.o
    0x0800907e   0x0800907e   0x00000002   PAD
    0x08009080   0x08009080   0x0000004c   Code   RO         5577    i.prvHeapInit       heap_4.o
    0x080090cc   0x080090cc   0x00000060   Code   RO         4889    i.prvIdleTask       tasks.o
    0x0800912c   0x0800912c   0x00000016   Code   RO         4564    i.prvInitialiseMutex  queue.o
    0x08009142   0x08009142   0x00000016   Code   RO         4565    i.prvInitialiseNewQueue  queue.o
    0x08009158   0x08009158   0x000000b0   Code   RO         4890    i.prvInitialiseNewTask  tasks.o
    0x08009208   0x08009208   0x0000004c   Code   RO         5578    i.prvInsertBlockIntoFreeList  heap_4.o
    0x08009254   0x08009254   0x0000001c   Code   RO         4566    i.prvIsQueueEmpty   queue.o
    0x08009270   0x08009270   0x00000020   Code   RO         4891    i.prvResetNextTaskUnblockTime  tasks.o
    0x08009290   0x08009290   0x00000028   Code   RO         5646    i.prvTaskExitError  port.o
    0x080092b8   0x080092b8   0x0000006a   Code   RO         4567    i.prvUnlockQueue    queue.o
    0x08009322   0x08009322   0x00000002   PAD
    0x08009324   0x08009324   0x000000dc   Code   RO         5579    i.pvPortMalloc      heap_4.o
    0x08009400   0x08009400   0x00000018   Code   RO         4893    i.pvTaskIncrementMutexHeldCount  tasks.o
    0x08009418   0x08009418   0x0000002c   Code   RO         5647    i.pxPortInitialiseStack  port.o
    0x08009444   0x08009444   0x00000026   Code   RO         4522    i.uxListRemove      list.o
    0x0800946a   0x0800946a   0x00000002   PAD
    0x0800946c   0x0800946c   0x00000014   Code   RO          285    i.vApplicationGetIdleTaskMemory  freertos.o
    0x08009480   0x08009480   0x00000002   Code   RO          286    i.vApplicationStackOverflowHook  freertos.o
    0x08009482   0x08009482   0x00000016   Code   RO         4523    i.vListInitialise   list.o
    0x08009498   0x08009498   0x00000006   Code   RO         4524    i.vListInitialiseItem  list.o
    0x0800949e   0x0800949e   0x00000030   Code   RO         4525    i.vListInsert       list.o
    0x080094ce   0x080094ce   0x00000018   Code   RO         4526    i.vListInsertEnd    list.o
    0x080094e6   0x080094e6   0x00000002   PAD
    0x080094e8   0x080094e8   0x00000040   Code   RO         5649    i.vPortEnterCritical  port.o
    0x08009528   0x08009528   0x00000028   Code   RO         5650    i.vPortExitCritical  port.o
    0x08009550   0x08009550   0x00000064   Code   RO         5580    i.vPortFree         heap_4.o
    0x080095b4   0x080095b4   0x00000024   Code   RO         5651    i.vPortSetupTimerInterrupt  port.o
    0x080095d8   0x080095d8   0x00000054   Code   RO         5652    i.vPortValidateInterruptPriority  port.o
    0x0800962c   0x0800962c   0x0000004c   Code   RO         4900    i.vTaskDelay        tasks.o
    0x08009678   0x08009678   0x0000008c   Code   RO         4901    i.vTaskDelayUntil   tasks.o
    0x08009704   0x08009704   0x00000010   Code   RO         4904    i.vTaskInternalSetTimeOutState  tasks.o
    0x08009714   0x08009714   0x0000000c   Code   RO         4905    i.vTaskMissedYield  tasks.o
    0x08009720   0x08009720   0x00000030   Code   RO         4907    i.vTaskPlaceOnEventList  tasks.o
    0x08009750   0x08009750   0x000000a0   Code   RO         4909    i.vTaskPriorityDisinheritAfterTimeout  tasks.o
    0x080097f0   0x080097f0   0x00000070   Code   RO         4911    i.vTaskRemoveFromUnorderedEventList  tasks.o
    0x08009860   0x08009860   0x0000006c   Code   RO         4914    i.vTaskStartScheduler  tasks.o
    0x080098cc   0x080098cc   0x00000010   Code   RO         4916    i.vTaskSuspendAll   tasks.o
    0x080098dc   0x080098dc   0x00000088   Code   RO         4917    i.vTaskSwitchContext  tasks.o
    0x08009964   0x08009964   0x00000040   Code   RO         4431    i.xEventGroupClearBits  event_groups.o
    0x080099a4   0x080099a4   0x0000001c   Code   RO         4432    i.xEventGroupCreate  event_groups.o
    0x080099c0   0x080099c0   0x0000008c   Code   RO         4435    i.xEventGroupSetBits  event_groups.o
    0x08009a4c   0x08009a4c   0x000000f4   Code   RO         5653    i.xPortStartScheduler  port.o
    0x08009b40   0x08009b40   0x00000016   Code   RO         4574    i.xQueueCreateMutex  queue.o
    0x08009b56   0x08009b56   0x0000001a   Code   RO         4575    i.xQueueCreateMutexStatic  queue.o
    0x08009b70   0x08009b70   0x00000042   Code   RO         4576    i.xQueueGenericCreate  queue.o
    0x08009bb2   0x08009bb2   0x00000066   Code   RO         4577    i.xQueueGenericCreateStatic  queue.o
    0x08009c18   0x08009c18   0x00000088   Code   RO         4578    i.xQueueGenericReset  queue.o
    0x08009ca0   0x08009ca0   0x00000160   Code   RO         4579    i.xQueueGenericSend  queue.o
    0x08009e00   0x08009e00   0x0000009c   Code   RO         4581    i.xQueueGiveFromISR  queue.o
    0x08009e9c   0x08009e9c   0x0000009a   Code   RO         4587    i.xQueueReceiveFromISR  queue.o
    0x08009f36   0x08009f36   0x00000002   PAD
    0x08009f38   0x08009f38   0x00000178   Code   RO         4588    i.xQueueSemaphoreTake  queue.o
    0x0800a0b0   0x0800a0b0   0x00000074   Code   RO         4919    i.xTaskCheckForTimeOut  tasks.o
    0x0800a124   0x0800a124   0x0000005a   Code   RO         4920    i.xTaskCreate       tasks.o
    0x0800a17e   0x0800a17e   0x00000056   Code   RO         4921    i.xTaskCreateStatic  tasks.o
    0x0800a1d4   0x0800a1d4   0x0000001c   Code   RO         4925    i.xTaskGetSchedulerState  tasks.o
    0x0800a1f0   0x0800a1f0   0x0000000c   Code   RO         4926    i.xTaskGetTickCount  tasks.o
    0x0800a1fc   0x0800a1fc   0x000000cc   Code   RO         4928    i.xTaskIncrementTick  tasks.o
    0x0800a2c8   0x0800a2c8   0x00000098   Code   RO         4931    i.xTaskPriorityDisinherit  tasks.o
    0x0800a360   0x0800a360   0x0000008c   Code   RO         4932    i.xTaskPriorityInherit  tasks.o
    0x0800a3ec   0x0800a3ec   0x00000074   Code   RO         4933    i.xTaskRemoveFromEventList  tasks.o
    0x0800a460   0x0800a460   0x000000c4   Code   RO         4934    i.xTaskResumeAll    tasks.o
    0x0800a524   0x0800a524   0x0000002c   Code   RO         7102    locale$$code        c_w.l(lc_numeric_c.o)
    0x0800a550   0x0800a550   0x0000002c   Code   RO         7181    locale$$code        c_w.l(lc_ctype_c.o)
    0x0800a57c   0x0800a57c   0x00000018   Code   RO         7001    x$fpl$basic         fz_wm.l(basic.o)
    0x0800a594   0x0800a594   0x00000062   Code   RO         6947    x$fpl$d2f           fz_wm.l(d2f.o)
    0x0800a5f6   0x0800a5f6   0x00000002   PAD
    0x0800a5f8   0x0800a5f8   0x00000150   Code   RO         6949    x$fpl$dadd          fz_wm.l(daddsub_clz.o)
    0x0800a748   0x0800a748   0x00000018   Code   RO         7104    x$fpl$dcmpinf       fz_wm.l(dcmpi.o)
    0x0800a760   0x0800a760   0x000002b0   Code   RO         6956    x$fpl$ddiv          fz_wm.l(ddiv.o)
    0x0800aa10   0x0800aa10   0x00000078   Code   RO         7003    x$fpl$deqf          fz_wm.l(deqf.o)
    0x0800aa88   0x0800aa88   0x0000002e   Code   RO         7006    x$fpl$dflt          fz_wm.l(dflt_clz.o)
    0x0800aab6   0x0800aab6   0x00000002   PAD
    0x0800aab8   0x0800aab8   0x00000154   Code   RO         7011    x$fpl$dmul          fz_wm.l(dmul.o)
    0x0800ac0c   0x0800ac0c   0x0000009c   Code   RO         7013    x$fpl$dnaninf       fz_wm.l(dnaninf.o)
    0x0800aca8   0x0800aca8   0x0000000c   Code   RO         7015    x$fpl$dretinf       fz_wm.l(dretinf.o)
    0x0800acb4   0x0800acb4   0x00000016   Code   RO         6950    x$fpl$drsb          fz_wm.l(daddsub_clz.o)
    0x0800acca   0x0800acca   0x00000002   PAD
    0x0800accc   0x0800accc   0x000001d4   Code   RO         6951    x$fpl$dsub          fz_wm.l(daddsub_clz.o)
    0x0800aea0   0x0800aea0   0x00000056   Code   RO         6959    x$fpl$f2d           fz_wm.l(f2d.o)
    0x0800aef6   0x0800aef6   0x0000008c   Code   RO         7017    x$fpl$fnaninf       fz_wm.l(fnaninf.o)
    0x0800af82   0x0800af82   0x0000000a   Code   RO         7189    x$fpl$fpinit        fz_wm.l(fpinit.o)
    0x0800af8c   0x0800af8c   0x0000000a   Code   RO         7019    x$fpl$fretinf       fz_wm.l(fretinf.o)
    0x0800af96   0x0800af96   0x00000004   Code   RO         6961    x$fpl$printf1       fz_wm.l(printf1.o)
    0x0800af9a   0x0800af9a   0x00000000   Code   RO         7021    x$fpl$usenofp       fz_wm.l(usenofp.o)
    0x0800af9a   0x0800af9a   0x00000002   PAD
    0x0800af9c   0x0800af9c   0x00000134   Data   RO          288    .constdata          freertos.o
    0x0800b0d0   0x0800b0d0   0x00000008   Data   RO         1550    .constdata          stm32f4xx_hal_dma.o
    0x0800b0d8   0x0800b0d8   0x00000010   Data   RO         4385    .constdata          system_stm32f4xx.o
    0x0800b0e8   0x0800b0e8   0x00000008   Data   RO         4386    .constdata          system_stm32f4xx.o
    0x0800b0f0   0x0800b0f0   0x00000019   Data   RO         6350    .constdata          bsp_htc_2k.o
    0x0800b109   0x0800b109   0x00000020   Data   RO         6622    .constdata          bsp_exv.o
    0x0800b129   0x0800b129   0x00000003   PAD
    0x0800b12c   0x0800b12c   0x00000048   Data   RO         6755    .constdata          bsp_relay.o
    0x0800b174   0x0800b174   0x00000028   Data   RO         6876    .constdata          c_w.l(_printf_hex_int.o)
    0x0800b19c   0x0800b19c   0x00000011   Data   RO         6911    .constdata          c_w.l(__printf_flags_ss_wp.o)
    0x0800b1ad   0x0800b1ad   0x00000003   PAD
    0x0800b1b0   0x0800b1b0   0x00000038   Data   RO         6966    .constdata          m_wm.l(log.o)
    0x0800b1e8   0x0800b1e8   0x00000008   Data   RO         7038    .constdata          m_wm.l(qnan.o)
    0x0800b1f0   0x0800b1f0   0x00000094   Data   RO         7077    .constdata          c_w.l(bigflt0.o)
    0x0800b284   0x0800b284   0x00000095   Data   RO          289    .conststring        freertos.o
    0x0800b319   0x0800b319   0x00000003   PAD
    0x0800b31c   0x0800b31c   0x00000094   Data   RO         5814    .conststring        task_rs485_log.o
    0x0800b3b0   0x0800b3b0   0x0000002e   Data   RO         6756    .conststring        bsp_relay.o
    0x0800b3de   0x0800b3de   0x00000002   PAD
    0x0800b3e0   0x0800b3e0   0x00000020   Data   RO         7260    Region$$Table       anon$$obj.o
    0x0800b400   0x0800b400   0x0000001c   Data   RO         7101    locale$$data        c_w.l(lc_numeric_c.o)
    0x0800b41c   0x0800b41c   0x00000110   Data   RO         7180    locale$$data        c_w.l(lc_ctype_c.o)


    Execution Region RW_IRAM2 (Exec base: 0x10000000, Load base: 0x0800b644, Size: 0x00000000, Max: 0x00010000, ABSOLUTE)

    **** No section assigned to this execution region ****


    Execution Region RW_IRAM1 (Exec base: 0x20000000, Load base: 0x0800b52c, Size: 0x000086c0, Max: 0x00020000, ABSOLUTE)

    Exec Addr    Load Addr    Size         Type   Attr      Idx    E Section Name        Object

    0x20000000   0x0800b52c   0x00000030   Data   RW          290    .data               freertos.o
    0x20000030   0x0800b55c   0x0000000c   Data   RW         1977    .data               stm32f4xx_hal.o
    0x2000003c   0x0800b568   0x00000004   Data   RW         4387    .data               system_stm32f4xx.o
    0x20000040   0x0800b56c   0x0000003c   Data   RW         4937    .data               tasks.o
    0x2000007c   0x0800b5a8   0x00000020   Data   RW         5586    .data               heap_4.o
    0x2000009c   0x0800b5c8   0x0000000c   Data   RW         5654    .data               port.o
    0x200000a8   0x0800b5d4   0x00000010   Data   RW         5726    .data               task_panel.o
    0x200000b8   0x0800b5e4   0x00000006   Data   RW         5815    .data               task_rs485_log.o
    0x200000be   0x0800b5ea   0x00000002   PAD
    0x200000c0   0x0800b5ec   0x00000020   Data   RW         5861    .data               task_adc.o
    0x200000e0   0x0800b60c   0x0000000c   Data   RW         6028    .data               task_defrost.o
    0x200000ec   0x0800b618   0x00000002   Data   RW         6082    .data               task_evap_fan.o
    0x200000ee   0x0800b61a   0x00000001   Data   RW         6199    .data               task_temp_ctrl.o
    0x200000ef   0x0800b61b   0x00000002   Data   RW         6351    .data               bsp_htc_2k.o
    0x200000f1   0x0800b61d   0x00000001   Data   RW         6451    .data               bsp_eeprom.o
    0x200000f2   0x0800b61e   0x00000002   PAD
    0x200000f4   0x0800b620   0x00000004   Data   RW         6506    .data               bsp_rs485.o
    0x200000f8   0x0800b624   0x00000004   Data   RW         6587    .data               bsp_i2c_mutex.o
    0x200000fc   0x0800b628   0x00000004   Data   RW         6623    .data               bsp_exv.o
    0x20000100   0x0800b62c   0x00000008   Data   RW         6694    .data               bsp_inverter.o
    0x20000108   0x0800b634   0x00000010   Data   RW         6814    .data               sys_state.o
    0x20000118        -       0x00000254   Zero   RW          287    .bss                freertos.o
    0x2000036c        -       0x000000a8   Zero   RW          452    .bss                adc.o
    0x20000414        -       0x00000054   Zero   RW          518    .bss                i2c.o
    0x20000468        -       0x00000020   Zero   RW          560    .bss                rtc.o
    0x20000488        -       0x00000104   Zero   RW          602    .bss                usart.o
    0x2000058c        -       0x00000048   Zero   RW          762    .bss                stm32f4xx_hal_timebase_tim.o
    0x200005d4        -       0x000000f0   Zero   RW         4936    .bss                tasks.o
    0x200006c4        -       0x00007800   Zero   RW         5585    .bss                heap_4.o
    0x20007ec4        -       0x00000080   Zero   RW         5813    .bss                task_rs485_log.o
    0x20007f44        -       0x00000010   Zero   RW         5860    .bss                task_adc.o
    0x20007f54        -       0x00000044   Zero   RW         6505    .bss                bsp_rs485.o
    0x20007f98        -       0x00000030   Zero   RW         6693    .bss                bsp_inverter.o
    0x20007fc8        -       0x00000098   Zero   RW         6813    .bss                sys_state.o
    0x20008060        -       0x00000060   Zero   RW         7111    .bss                c_w.l(libspace.o)
    0x200080c0        -       0x00000200   Zero   RW            2    HEAP                startup_stm32f407xx.o
    0x200082c0        -       0x00000400   Zero   RW            1    STACK               startup_stm32f407xx.o


==============================================================================

Image component sizes


      Code (inc. data)   RO Data    RW Data    ZI Data      Debug   Object Name

       440         36          0          0        168       2159   adc.o
       322         24          0          1          0       5058   bsp_eeprom.o
       444         44         32          4          0       4623   bsp_exv.o
      1392        106         25          2          0      12655   bsp_htc_2k.o
        72         14          0          4          0       1807   bsp_i2c_mutex.o
       436         74          0          8         48       5338   bsp_inverter.o
        28         10          0          0          0        988   bsp_led.o
       300         40        118          0          0       4911   bsp_relay.o
       316         38          0          4         68       2761   bsp_rs485.o
       382         44          0          0          0       3404   bsp_sht30.o
       328         10          0          0          0      31856   cmsis_os.o
        92          4          0          0          0        926   dma.o
       232          0          0          0          0      25264   event_groups.o
       442         18        457         48        596      19043   freertos.o
       200         14          0          0          0       1147   gpio.o
       472         24          0         32      30720       7755   heap_4.o
       172         28          0          0         84       1869   i2c.o
       138          0          0          0          0       3838   list.o
       250         24          0          0          0     773300   main.o
       786         82          0         12          0      12433   port.o
      1714         14          0          0          0      20838   queue.o
       220         18          0          0         32       1863   rtc.o
        64         26        392          0       1536        892   startup_stm32f407xx.o
        80         14          0         12          0       8378   stm32f4xx_hal.o
      1200         66          0          0          0       7985   stm32f4xx_hal_adc.o
       192         14          0          0          0      34152   stm32f4xx_hal_cortex.o
      1084         16          8          0          0       7790   stm32f4xx_hal_dma.o
       532         46          0          0          0       3736   stm32f4xx_hal_gpio.o
      3346         86          0          0          0      18377   stm32f4xx_hal_i2c.o
        56          4          0          0          0        966   stm32f4xx_hal_msp.o
      1408         82          0          0          0       6237   stm32f4xx_hal_rcc.o
       316         20          0          0          0       1488   stm32f4xx_hal_rcc_ex.o
       916         30          0          0          0       7996   stm32f4xx_hal_rtc.o
        20          0          0          0          0       1867   stm32f4xx_hal_rtc_ex.o
       786         72          0          0          0       7844   stm32f4xx_hal_tim.o
         4          0          0          0          0       1745   stm32f4xx_hal_tim_ex.o
       116         16          0          0         72       1567   stm32f4xx_hal_timebase_tim.o
      1860         16          0          0          0      13323   stm32f4xx_hal_uart.o
        84         36          0          0          0       6224   stm32f4xx_it.o
         0          0          0          0          0        388   stream_buffer.o
       180         30          0         16        152       6292   sys_state.o
        16          4         24          4          0       1271   system_stm32f4xx.o
      1076        166          0         32         16       6183   task_adc.o
       128          8          0          0          0       2557   task_cond_fan.o
       924        100          0         12          0       5682   task_defrost.o
       224         30          0          2          0       4618   task_evap_fan.o
       112          0          0          0          0       1379   task_exv.o
        44          0          0          0          0        615   task_led.o
       776        122          0         16          0       6809   task_panel.o
      2536       1018        148          6        128       4400   task_rs485_log.o
        94          0          0          0          0        641   task_sht30.o
      2188        926          0          1          0       8374   task_temp_ctrl.o
       468         18          0          0          0       1871   task_timer_svc.o
      2664        196          0         60        240      31997   tasks.o
       284         28          0          0        260       2084   usart.o

    ----------------------------------------------------------------------
     33002       3856       1244        280      34120    1159564   Object Totals
         0          0         32          0          0          0   (incl. Generated)
        46          0          8          4          0          0   (incl. Padding)

    ----------------------------------------------------------------------

      Code (inc. data)   RO Data    RW Data    ZI Data      Debug   Library Member Name

        60          8          0          0          0         84   __0sscanf.o
         8          0          0          0          0         68   __main.o
       392          4         17          0          0         92   __printf_flags_ss_wp.o
        14          0          0          0          0         68   __printf_wp.o
         0          0          0          0          0          0   __rtentry.o
        12          0          0          0          0          0   __rtentry2.o
         6          0          0          0          0          0   __rtentry4.o
        52          8          0          0          0          0   __scatter.o
        26          0          0          0          0          0   __scatter_copy.o
        28          0          0          0          0          0   __scatter_zi.o
        28          0          0          0          0         68   _chval.o
        44          0          0          0          0        108   _printf_char.o
        48          6          0          0          0         96   _printf_char_common.o
         6          0          0          0          0          0   _printf_d.o
       120         16          0          0          0         92   _printf_dec.o
         6          0          0          0          0          0   _printf_f.o
      1054          0          0          0          0        216   _printf_fp_dec.o
       128         16          0          0          0         84   _printf_fp_infnan.o
        88          4         40          0          0         88   _printf_hex_int.o
       178          0          0          0          0         88   _printf_intcommon.o
        78          0          0          0          0        108   _printf_pad.o
         0          0          0          0          0          0   _printf_percent.o
         4          0          0          0          0          0   _printf_percent_end.o
         6          0          0          0          0          0   _printf_s.o
        82          0          0          0          0         80   _printf_str.o
         6          0          0          0          0          0   _printf_u.o
         6          0          0          0          0          0   _printf_x.o
        22          0          0          0          0        100   _rserrno.o
       884          4          0          0          0        100   _scanf.o
       332          0          0          0          0         96   _scanf_int.o
        64          0          0          0          0         84   _sgetc.o
        10          0          0          0          0         68   _sputc.o
        16          0          0          0          0         68   aeabi_memset.o
       228          4        148          0          0         96   bigflt0.o
      1936        128          0          0          0        672   btod.o
        18          0          0          0          0         80   exit.o
         6          0          0          0          0        152   heapauxi.o
         0          0          0          0          0          0   indicate_semi.o
        18          0          0          0          0         76   isspace.o
        44         10        272          0          0         76   lc_ctype_c.o
        44         10         28          0          0         76   lc_numeric_c.o
         2          0          0          0          0          0   libinit.o
        34          0          0          0          0          0   libinit2.o
         2          0          0          0          0          0   libshutdown.o
         2          0          0          0          0          0   libshutdown2.o
         8          4          0          0         96         68   libspace.o
       138          0          0          0          0         80   lludiv10.o
       238          0          0          0          0        100   lludivv7m.o
        88          0          0          0          0         76   memcmp.o
        40          6          0          0          0         84   noretval__2sprintf.o
        16          4          0          0          0         76   rt_ctype_table.o
         8          4          0          0          0         68   rt_errno_addr_intlibspace.o
         8          4          0          0          0         68   rt_locale_intlibspace.o
        68          0          0          0          0         68   rt_memclr.o
        78          0          0          0          0         80   rt_memclr_w.o
       138          0          0          0          0         68   rt_memcpy_v6.o
       100          0          0          0          0         80   rt_memcpy_w.o
         2          0          0          0          0          0   rtexit.o
        10          0          0          0          0          0   rtexit2.o
        44          8          0          0          0         84   scanf_char.o
       128          0          0          0          0         68   strcmpv7m.o
        62          0          0          0          0         76   strlen.o
       150          0          0          0          0         80   strncmp.o
        36          0          0          0          0         80   strstr.o
        12          4          0          0          0         68   sys_exit.o
        74          0          0          0          0         80   sys_stackheap_outer.o
         2          0          0          0          0         68   use_no_semi.o
        24          0          0          0          0        164   basic.o
        98          4          0          0          0        140   d2f.o
       826         16          0          0          0        492   daddsub_clz.o
        24          0          0          0          0        116   dcmpi.o
       688        140          0          0          0        256   ddiv.o
       120          4          0          0          0        140   deqf.o
        46          0          0          0          0        116   dflt_clz.o
       340         12          0          0          0        152   dmul.o
       156          4          0          0          0        140   dnaninf.o
        12          0          0          0          0        116   dretinf.o
        86          4          0          0          0        132   f2d.o
       140          4          0          0          0        132   fnaninf.o
        10          0          0          0          0        116   fpinit.o
        10          0          0          0          0        116   fretinf.o
         4          0          0          0          0        116   printf1.o
         0          0          0          0          0          0   usenofp.o
       100         28          0          0          0        372   dunder.o
        48          0          0          0          0        124   fpclassify.o
       964         92         56          0          0        316   log.o
       248          0          0          0          0        152   poly.o
         0          0          8          0          0          0   qnan.o

    ----------------------------------------------------------------------
     11562        560        572          0         96       8012   Library Totals
        28          0          3          0          0          0   (incl. Padding)

    ----------------------------------------------------------------------

      Code (inc. data)   RO Data    RW Data    ZI Data      Debug   Library Name

      7590        252        505          0         96       4604   c_w.l
      2584        188          0          0          0       2444   fz_wm.l
      1360        120         64          0          0        964   m_wm.l

    ----------------------------------------------------------------------
     11562        560        572          0         96       8012   Library Totals

    ----------------------------------------------------------------------

==============================================================================


      Code (inc. data)   RO Data    RW Data    ZI Data      Debug   

     44564       4416       1816        280      34216    1133724   Grand Totals
     44564       4416       1816        280      34216    1133724   ELF Image Totals
     44564       4416       1816        280          0          0   ROM Totals

==============================================================================

    Total RO  Size (Code + RO Data)                46380 (  45.29kB)
    Total RW  Size (RW Data + ZI Data)             34496 (  33.69kB)
    Total ROM Size (Code + RO Data + RW Data)      46660 (  45.57kB)

==============================================================================

